Archive member included to satisfy reference by file (symbol)

/Applications/Ac6/SystemWorkbench.app/Contents/Eclipse/plugins/fr.ac6.mcu.externaltools.arm-none.macos64_1.15.0.201708311556/tools/compiler/bin/../lib/gcc/arm-none-eabi/6.3.1/../../../../arm-none-eabi/lib/thumb/v7e-m/fpv4-sp/hard/libm.a(lib_a-s_trunc.o)
                              DataLog/User/datalog_application.o (trunc)
/Applications/Ac6/SystemWorkbench.app/Contents/Eclipse/plugins/fr.ac6.mcu.externaltools.arm-none.macos64_1.15.0.201708311556/tools/compiler/bin/../lib/gcc/arm-none-eabi/6.3.1/../../../../arm-none-eabi/lib/thumb/v7e-m/fpv4-sp/hard/libm.a(lib_a-w_pow.o)
                              DataLog/User/datalog_application.o (pow)
/Applications/Ac6/SystemWorkbench.app/Contents/Eclipse/plugins/fr.ac6.mcu.externaltools.arm-none.macos64_1.15.0.201708311556/tools/compiler/bin/../lib/gcc/arm-none-eabi/6.3.1/../../../../arm-none-eabi/lib/thumb/v7e-m/fpv4-sp/hard/libm.a(lib_a-e_pow.o)
                              /Applications/Ac6/SystemWorkbench.app/Contents/Eclipse/plugins/fr.ac6.mcu.externaltools.arm-none.macos64_1.15.0.201708311556/tools/compiler/bin/../lib/gcc/arm-none-eabi/6.3.1/../../../../arm-none-eabi/lib/thumb/v7e-m/fpv4-sp/hard/libm.a(lib_a-w_pow.o) (__ieee754_pow)
/Applications/Ac6/SystemWorkbench.app/Contents/Eclipse/plugins/fr.ac6.mcu.externaltools.arm-none.macos64_1.15.0.201708311556/tools/compiler/bin/../lib/gcc/arm-none-eabi/6.3.1/../../../../arm-none-eabi/lib/thumb/v7e-m/fpv4-sp/hard/libm.a(lib_a-e_sqrt.o)
                              /Applications/Ac6/SystemWorkbench.app/Contents/Eclipse/plugins/fr.ac6.mcu.externaltools.arm-none.macos64_1.15.0.201708311556/tools/compiler/bin/../lib/gcc/arm-none-eabi/6.3.1/../../../../arm-none-eabi/lib/thumb/v7e-m/fpv4-sp/hard/libm.a(lib_a-e_pow.o) (__ieee754_sqrt)
/Applications/Ac6/SystemWorkbench.app/Contents/Eclipse/plugins/fr.ac6.mcu.externaltools.arm-none.macos64_1.15.0.201708311556/tools/compiler/bin/../lib/gcc/arm-none-eabi/6.3.1/../../../../arm-none-eabi/lib/thumb/v7e-m/fpv4-sp/hard/libm.a(lib_a-s_fabs.o)
                              /Applications/Ac6/SystemWorkbench.app/Contents/Eclipse/plugins/fr.ac6.mcu.externaltools.arm-none.macos64_1.15.0.201708311556/tools/compiler/bin/../lib/gcc/arm-none-eabi/6.3.1/../../../../arm-none-eabi/lib/thumb/v7e-m/fpv4-sp/hard/libm.a(lib_a-e_pow.o) (fabs)
/Applications/Ac6/SystemWorkbench.app/Contents/Eclipse/plugins/fr.ac6.mcu.externaltools.arm-none.macos64_1.15.0.201708311556/tools/compiler/bin/../lib/gcc/arm-none-eabi/6.3.1/../../../../arm-none-eabi/lib/thumb/v7e-m/fpv4-sp/hard/libm.a(lib_a-s_finite.o)
                              /Applications/Ac6/SystemWorkbench.app/Contents/Eclipse/plugins/fr.ac6.mcu.externaltools.arm-none.macos64_1.15.0.201708311556/tools/compiler/bin/../lib/gcc/arm-none-eabi/6.3.1/../../../../arm-none-eabi/lib/thumb/v7e-m/fpv4-sp/hard/libm.a(lib_a-w_pow.o) (finite)
/Applications/Ac6/SystemWorkbench.app/Contents/Eclipse/plugins/fr.ac6.mcu.externaltools.arm-none.macos64_1.15.0.201708311556/tools/compiler/bin/../lib/gcc/arm-none-eabi/6.3.1/../../../../arm-none-eabi/lib/thumb/v7e-m/fpv4-sp/hard/libm.a(lib_a-s_lib_ver.o)
                              /Applications/Ac6/SystemWorkbench.app/Contents/Eclipse/plugins/fr.ac6.mcu.externaltools.arm-none.macos64_1.15.0.201708311556/tools/compiler/bin/../lib/gcc/arm-none-eabi/6.3.1/../../../../arm-none-eabi/lib/thumb/v7e-m/fpv4-sp/hard/libm.a(lib_a-w_pow.o) (__fdlib_version)
/Applications/Ac6/SystemWorkbench.app/Contents/Eclipse/plugins/fr.ac6.mcu.externaltools.arm-none.macos64_1.15.0.201708311556/tools/compiler/bin/../lib/gcc/arm-none-eabi/6.3.1/../../../../arm-none-eabi/lib/thumb/v7e-m/fpv4-sp/hard/libm.a(lib_a-s_matherr.o)
                              /Applications/Ac6/SystemWorkbench.app/Contents/Eclipse/plugins/fr.ac6.mcu.externaltools.arm-none.macos64_1.15.0.201708311556/tools/compiler/bin/../lib/gcc/arm-none-eabi/6.3.1/../../../../arm-none-eabi/lib/thumb/v7e-m/fpv4-sp/hard/libm.a(lib_a-w_pow.o) (matherr)
/Applications/Ac6/SystemWorkbench.app/Contents/Eclipse/plugins/fr.ac6.mcu.externaltools.arm-none.macos64_1.15.0.201708311556/tools/compiler/bin/../lib/gcc/arm-none-eabi/6.3.1/../../../../arm-none-eabi/lib/thumb/v7e-m/fpv4-sp/hard/libm.a(lib_a-s_nan.o)
                              /Applications/Ac6/SystemWorkbench.app/Contents/Eclipse/plugins/fr.ac6.mcu.externaltools.arm-none.macos64_1.15.0.201708311556/tools/compiler/bin/../lib/gcc/arm-none-eabi/6.3.1/../../../../arm-none-eabi/lib/thumb/v7e-m/fpv4-sp/hard/libm.a(lib_a-e_pow.o) (nan)
/Applications/Ac6/SystemWorkbench.app/Contents/Eclipse/plugins/fr.ac6.mcu.externaltools.arm-none.macos64_1.15.0.201708311556/tools/compiler/bin/../lib/gcc/arm-none-eabi/6.3.1/../../../../arm-none-eabi/lib/thumb/v7e-m/fpv4-sp/hard/libm.a(lib_a-s_rint.o)
[...]
Memory Configuration

Name             Origin             Length             Attributes
FLASH            0x0000000008004000 0x0000000000040000 xr
RAM              0x0000000020000000 0x0000000000018000 xrw
SRAM2            0x0000000010000000 0x0000000000008000 xrw
*default*        0x0000000000000000 0xffffffffffffffff

Linker script and memory map

LOAD /Applications/Ac6/SystemWorkbench.app/Contents/Eclipse/plugins/fr.ac6.mcu.externaltools.arm-none.macos64_1.15.0.201708311556/tools/compiler/bin/../lib/gcc/arm-none-eabi/6.3.1/thumb/v7e-m/fpv4-sp/hard/crti.o
LOAD /Applications/Ac6/SystemWorkbench.app/Contents/Eclipse/plugins/fr.ac6.mcu.externaltools.arm-none.macos64_1.15.0.201708311556/tools/compiler/bin/../lib/gcc/arm-none-eabi/6.3.1/thumb/v7e-m/fpv4-sp/hard/crtbegin.o
LOAD /Applications/Ac6/SystemWorkbench.app/Contents/Eclipse/plugins/fr.ac6.mcu.externaltools.arm-none.macos64_1.15.0.201708311556/tools/compiler/bin/../lib/gcc/arm-none-eabi/6.3.1/../../../../arm-none-eabi/lib/thumb/v7e-m/fpv4-sp/hard/crt0.o
LOAD DataLog/SW4STM32/startup_stm32l476xx.o
LOAD DataLog/User/cube_hal_l4.o
LOAD DataLog/User/datalog_application.o
LOAD DataLog/User/main.o
LOAD DataLog/User/stm32l4xx_hal_msp.o
LOAD DataLog/User/stm32l4xx_it.o
LOAD DataLog/User/syscalls.o
LOAD DataLog/User/usbd_cdc_interface.o
LOAD DataLog/User/usbd_conf.o
LOAD DataLog/User/usbd_desc.o
LOAD Drivers/BSP/Components/HTS221_Driver.o
LOAD Drivers/BSP/Components/HTS221_Driver_HL.o
LOAD Drivers/BSP/Components/LPS22HB_Driver.o
LOAD Drivers/BSP/Components/LPS22HB_Driver_HL.o
LOAD Drivers/BSP/Components/LSM303AGR_ACC_driver.o
LOAD Drivers/BSP/Components/LSM303AGR_ACC_driver_HL.o
LOAD Drivers/BSP/Components/LSM303AGR_MAG_driver.o
LOAD Drivers/BSP/Components/LSM303AGR_MAG_driver_HL.o
LOAD Drivers/BSP/Components/LSM6DSM_ACC_GYRO_driver.o
LOAD Drivers/BSP/Components/LSM6DSM_ACC_GYRO_driver_HL.o
LOAD Drivers/BSP/Components/STC3115_Driver.o
LOAD Drivers/BSP/SensorTile/SensorTile.o
LOAD Drivers/BSP/SensorTile/SensorTile_accelero.o
LOAD Drivers/BSP/SensorTile/SensorTile_gg.o
LOAD Drivers/BSP/SensorTile/SensorTile_gyro.o
LOAD Drivers/BSP/SensorTile/SensorTile_humidity.o
LOAD Drivers/BSP/SensorTile/SensorTile_magneto.o
LOAD Drivers/BSP/SensorTile/SensorTile_pressure.o
LOAD Drivers/BSP/SensorTile/SensorTile_sd.o
LOAD Drivers/BSP/SensorTile/SensorTile_temperature.o
LOAD Drivers/CMSIS/system_stm32l4xx.o
LOAD Drivers/STM32L4xx_HAL_Driver/stm32l4xx_hal.o
LOAD Drivers/STM32L4xx_HAL_Driver/stm32l4xx_hal_cortex.o
LOAD Drivers/STM32L4xx_HAL_Driver/stm32l4xx_hal_dma.o
LOAD Drivers/STM32L4xx_HAL_Driver/stm32l4xx_hal_gpio.o
LOAD Drivers/STM32L4xx_HAL_Driver/stm32l4xx_hal_i2c.o
LOAD Drivers/STM32L4xx_HAL_Driver/stm32l4xx_hal_i2c_ex.o
LOAD Drivers/STM32L4xx_HAL_Driver/stm32l4xx_hal_pcd.o
LOAD Drivers/STM32L4xx_HAL_Driver/stm32l4xx_hal_pcd_ex.o
LOAD Drivers/STM32L4xx_HAL_Driver/stm32l4xx_hal_pwr.o
LOAD Drivers/STM32L4xx_HAL_Driver/stm32l4xx_hal_pwr_ex.o
LOAD Drivers/STM32L4xx_HAL_Driver/stm32l4xx_hal_rcc.o
LOAD Drivers/STM32L4xx_HAL_Driver/stm32l4xx_hal_rcc_ex.o
LOAD Drivers/STM32L4xx_HAL_Driver/stm32l4xx_hal_rtc.o
LOAD Drivers/STM32L4xx_HAL_Driver/stm32l4xx_hal_rtc_ex.o
LOAD Drivers/STM32L4xx_HAL_Driver/stm32l4xx_hal_spi.o
LOAD Drivers/STM32L4xx_HAL_Driver/stm32l4xx_hal_spi_ex.o
LOAD Drivers/STM32L4xx_HAL_Driver/stm32l4xx_hal_tim.o
LOAD Drivers/STM32L4xx_HAL_Driver/stm32l4xx_hal_tim_ex.o
LOAD Drivers/STM32L4xx_HAL_Driver/stm32l4xx_ll_usb.o
LOAD Middlewares/FatFs/diskio.o
LOAD Middlewares/FatFs/ff.o
LOAD Middlewares/FatFs/ff_gen_drv.o
LOAD Middlewares/FatFs/sd_diskio.o
LOAD Middlewares/FatFs/syscall.o
LOAD Middlewares/FatFs/unicode.o
LOAD Middlewares/STM32_USBD_Library/Class/usbd_cdc.o
LOAD Middlewares/STM32_USBD_Library/Core/usbd_core.o
LOAD Middlewares/STM32_USBD_Library/Core/usbd_ctlreq.o
LOAD Middlewares/STM32_USBD_Library/Core/usbd_ioreq.o
LOAD /Applications/Ac6/SystemWorkbench.app/Contents/Eclipse/plugins/fr.ac6.mcu.externaltools.arm-none.macos64_1.15.0.201708311556/tools/compiler/bin/../lib/gcc/arm-none-eabi/6.3.1/../../../../arm-none-eabi/lib/thumb/v7e-m/fpv4-sp/hard/libm.a
START GROUP
LOAD /Applications/Ac6/SystemWorkbench.app/Contents/Eclipse/plugins/fr.ac6.mcu.externaltools.arm-none.macos64_1.15.0.201708311556/tools/compiler/bin/../lib/gcc/arm-none-eabi/6.3.1/thumb/v7e-m/fpv4-sp/hard/libgcc.a
LOAD /Applications/Ac6/SystemWorkbench.app/Contents/Eclipse/plugins/fr.ac6.mcu.externaltools.arm-none.macos64_1.15.0.201708311556/tools/compiler/bin/../lib/gcc/arm-none-eabi/6.3.1/../../../../arm-none-eabi/lib/thumb/v7e-m/fpv4-sp/hard/libc_nano.a
END GROUP
START GROUP
LOAD /Applications/Ac6/SystemWorkbench.app/Contents/Eclipse/plugins/fr.ac6.mcu.externaltools.arm-none.macos64_1.15.0.201708311556/tools/compiler/bin/../lib/gcc/arm-none-eabi/6.3.1/thumb/v7e-m/fpv4-sp/hard/libgcc.a
LOAD /Applications/Ac6/SystemWorkbench.app/Contents/Eclipse/plugins/fr.ac6.mcu.externaltools.arm-none.macos64_1.15.0.201708311556/tools/compiler/bin/../lib/gcc/arm-none-eabi/6.3.1/../../../../arm-none-eabi/lib/thumb/v7e-m/fpv4-sp/hard/libc_nano.a
END GROUP
LOAD /Applications/Ac6/SystemWorkbench.app/Contents/Eclipse/plugins/fr.ac6.mcu.externaltools.arm-none.macos64_1.15.0.201708311556/tools/compiler/bin/../lib/gcc/arm-none-eabi/6.3.1/thumb/v7e-m/fpv4-sp/hard/crtend.o
LOAD /Applications/Ac6/SystemWorkbench.app/Contents/Eclipse/plugins/fr.ac6.mcu.externaltools.arm-none.macos64_1.15.0.201708311556/tools/compiler/bin/../lib/gcc/arm-none-eabi/6.3.1/thumb/v7e-m/fpv4-sp/hard/crtn.o
                0x0000000020017fff                _estack = 0x20017fff
                0x0000000000002000                _Min_Heap_Size = 0x2000
                0x0000000000002000                _Min_Stack_Size = 0x2000

.isr_vector     0x0000000008004000      0x188
                0x0000000008004000                . = ALIGN (0x8)
 *(.isr_vector)
 .isr_vector    0x0000000008004000      0x188 DataLog/SW4STM32/startup_stm32l476xx.o
                0x0000000008004000                g_pfnVectors
                0x0000000008004188                . = ALIGN (0x8)

.text           0x0000000008004190    0x16508
                0x0000000008004190                . = ALIGN (0x8)
 *(.text)
 .text          0x0000000008004190       0x6c /Applications/Ac6/SystemWorkbench.app/Contents/Eclipse/plugins/fr.ac6.mcu.externaltools.arm-none.macos64_1.15.0.201708311556/tools/compiler/bin/../lib/gcc/arm-none-eabi/6.3.1/thumb/v7e-m/fpv4-sp/hard/crtbegin.o
 .text          0x00000000080041fc      0x370 /Applications/Ac6/SystemWorkbench.app/Contents/Eclipse/plugins/fr.ac6.mcu.externaltools.arm-none.macos64_1.15.0.201708311556/tools/compiler/bin/../lib/gcc/arm-none-eabi/6.3.1/thumb/v7e-m/fpv4-sp/hard/libgcc.a(_arm_addsubdf3.o)
                0x00000000080041fc                __aeabi_drsub
                0x0000000008004204                __subdf3
                0x0000000008004204                __aeabi_dsub
                0x0000000008004208                __aeabi_dadd
                0x0000000008004208                __adddf3
                0x0000000008004480                __aeabi_ui2d
                0x0000000008004480                __floatunsidf
                0x00000000080044a0                __floatsidf
                0x00000000080044a0                __aeabi_i2d
                0x00000000080044c4                __extendsfdf2
                0x00000000080044c4                __aeabi_f2d
                0x0000000008004500                __aeabi_ul2d
                0x0000000008004500                __floatundidf
                0x0000000008004510                __aeabi_l2d
                0x0000000008004510                __floatdidf
 .text          0x000000000800456c      0x424 /Applications/Ac6/SystemWorkbench.app/Contents/Eclipse/plugins/fr.ac6.mcu.externaltools.arm-none.macos64_1.15.0.201708311556/tools/compiler/bin/../lib/gcc/arm-none-eabi/6.3.1/thumb/v7e-m/fpv4-sp/hard/libgcc.a(_arm_muldivdf3.o)
                0x000000000800456c                __aeabi_dmul
                0x000000000800456c                __muldf3
                0x00000000080047c0                __aeabi_ddiv
                0x00000000080047c0                __divdf3
 .text          0x0000000008004990      0x110 /Applications/Ac6/SystemWorkbench.app/Contents/Eclipse/plugins/fr.ac6.mcu.externaltools.arm-none.macos64_1.15.0.201708311556/tools/compiler/bin/../lib/gcc/arm-none-eabi/6.3.1/thumb/v7e-m/fpv4-sp/hard/libgcc.a(_arm_cmpdf2.o)
                0x0000000008004990                __gedf2
                0x0000000008004990                __gtdf2
                0x0000000008004998                __ledf2
                0x0000000008004998                __ltdf2
                0x00000000080049a0                __cmpdf2
                0x00000000080049a0                __eqdf2
                0x00000000080049a0                __nedf2
                0x0000000008004a1c                __aeabi_cdrcmple
                0x0000000008004a2c                __aeabi_cdcmple
                0x0000000008004a2c                __aeabi_cdcmpeq
                0x0000000008004a3c                __aeabi_dcmpeq
                0x0000000008004a50                __aeabi_dcmplt
                0x0000000008004a64                __aeabi_dcmple
                0x0000000008004a78                __aeabi_dcmpge
                0x0000000008004a8c                __aeabi_dcmpgt
 .text          0x0000000008004aa0       0x50 /Applications/Ac6/SystemWorkbench.app/Contents/Eclipse/plugins/fr.ac6.mcu.externaltools.arm-none.macos64_1.15.0.201708311556/tools/compiler/bin/../lib/gcc/arm-none-eabi/6.3.1/thumb/v7e-m/fpv4-sp/hard/libgcc.a(_arm_fixdfsi.o)
                0x0000000008004aa0                __fixdfsi
                0x0000000008004aa0                __aeabi_d2iz
 .text          0x0000000008004af0       0xa0 /Applications/Ac6/SystemWorkbench.app/Contents/Eclipse/plugins/fr.ac6.mcu.externaltools.arm-none.macos64_1.15.0.201708311556/tools/compiler/bin/../lib/gcc/arm-none-eabi/6.3.1/thumb/v7e-m/fpv4-sp/hard/libgcc.a(_arm_truncdfsf2.o)
                0x0000000008004af0                __aeabi_d2f
                0x0000000008004af0                __truncdfsf2
 .text          0x0000000008004b90       0xa0 /Applications/Ac6/SystemWorkbench.app/Contents/Eclipse/plugins/fr.ac6.mcu.externaltools.arm-none.macos64_1.15.0.201708311556/tools/compiler/bin/../lib/gcc/arm-none-eabi/6.3.1/thumb/v7e-m/fpv4-sp/hard/libgcc.a(_aeabi_ldivmod.o)
                0x0000000008004b90                __aeabi_ldivmod
 .text          0x0000000008004c30      0x2dc /Applications/Ac6/SystemWorkbench.app/Contents/Eclipse/plugins/fr.ac6.mcu.externaltools.arm-none.macos64_1.15.0.201708311556/tools/compiler/bin/../lib/gcc/arm-none-eabi/6.3.1/thumb/v7e-m/fpv4-sp/hard/libgcc.a(_udivmoddi4.o)
                0x0000000008004c30                __udivmoddi4
 .text          0x0000000008004f0c        0x4 /Applications/Ac6/SystemWorkbench.app/Contents/Eclipse/plugins/fr.ac6.mcu.externaltools.arm-none.macos64_1.15.0.201708311556/tools/compiler/bin/../lib/gcc/arm-none-eabi/6.3.1/thumb/v7e-m/fpv4-sp/hard/libgcc.a(_dvmd_tls.o)
                0x0000000008004f0c                __aeabi_ldiv0
                0x0000000008004f0c                __aeabi_idiv0
 .text          0x0000000008004f10       0x10 /Applications/Ac6/SystemWorkbench.app/Contents/Eclipse/plugins/fr.ac6.mcu.externaltools.arm-none.macos64_1.15.0.201708311556/tools/compiler/bin/../lib/gcc/arm-none-eabi/6.3.1/../../../../arm-none-eabi/lib/thumb/v7e-m/fpv4-sp/hard/libc_nano.a(lib_a-strlen.o)
                0x0000000008004f10                strlen
 .text          0x0000000008004f20       0xa0 /Applications/Ac6/SystemWorkbench.app/Contents/Eclipse/plugins/fr.ac6.mcu.externaltools.arm-none.macos64_1.15.0.201708311556/tools/compiler/bin/../lib/gcc/arm-none-eabi/6.3.1/../../../../arm-none-eabi/lib/thumb/v7e-m/fpv4-sp/hard/libc_nano.a(lib_a-memchr.o)
                0x0000000008004f20                memchr
 *(.text*)
 .text.Reset_Handler
                0x0000000008004fc0       0x50 DataLog/SW4STM32/startup_stm32l476xx.o
                0x0000000008004fc0                Reset_Handler
 .text.Default_Handler
                0x0000000008005010        0x2 DataLog/SW4STM32/startup_stm32l476xx.o
                0x0000000008005010                TIM1_BRK_TIM15_IRQHandler
                0x0000000008005010                TIM8_TRG_COM_IRQHandler
                0x0000000008005010                TIM8_CC_IRQHandler
                0x0000000008005010                TIM1_CC_IRQHandler
                0x0000000008005010                TSC_IRQHandler
                0x0000000008005010                TAMP_STAMP_IRQHandler
                0x0000000008005010                PendSV_Handler
                0x0000000008005010                EXTI3_IRQHandler
                0x0000000008005010                LPTIM2_IRQHandler
                0x0000000008005010                DFSDM1_FLT1_IRQHandler
                0x0000000008005010                I2C3_ER_IRQHandler
                0x0000000008005010                DFSDM1_FLT2_IRQHandler
                0x0000000008005010                EXTI0_IRQHandler
                0x0000000008005010                I2C2_EV_IRQHandler
                0x0000000008005010                CAN1_RX0_IRQHandler
                0x0000000008005010                FPU_IRQHandler
                0x0000000008005010                TIM1_UP_TIM16_IRQHandler
                0x0000000008005010                UsageFault_Handler
                0x0000000008005010                ADC1_2_IRQHandler
                0x0000000008005010                SPI1_IRQHandler
                0x0000000008005010                TIM6_DAC_IRQHandler
                0x0000000008005010                TIM8_UP_IRQHandler
                0x0000000008005010                DMA2_Channel2_IRQHandler
                0x0000000008005010                DMA1_Channel4_IRQHandler
                0x0000000008005010                SAI2_IRQHandler
                0x0000000008005010                DFSDM1_FLT3_IRQHandler
                0x0000000008005010                USART3_IRQHandler
                0x0000000008005010                DMA1_Channel7_IRQHandler
                0x0000000008005010                CAN1_RX1_IRQHandler
                0x0000000008005010                LCD_IRQHandler
                0x0000000008005010                UART5_IRQHandler
                0x0000000008005010                ADC3_IRQHandler
                0x0000000008005010                TIM4_IRQHandler
                0x0000000008005010                DMA2_Channel1_IRQHandler
                0x0000000008005010                QUADSPI_IRQHandler
                0x0000000008005010                I2C1_EV_IRQHandler
                0x0000000008005010                DMA1_Channel6_IRQHandler
                0x0000000008005010                UART4_IRQHandler
                0x0000000008005010                DMA2_Channel4_IRQHandler
                0x0000000008005010                RCC_IRQHandler
                0x0000000008005010                DMA1_Channel1_IRQHandler
                0x0000000008005010                Default_Handler
                0x0000000008005010                DMA2_Channel7_IRQHandler
                0x0000000008005010                EXTI15_10_IRQHandler
                0x0000000008005010                TIM7_IRQHandler
                0x0000000008005010                SDMMC1_IRQHandler
                0x0000000008005010                TIM5_IRQHandler
                0x0000000008005010                I2C3_EV_IRQHandler
                0x0000000008005010                EXTI9_5_IRQHandler
                0x0000000008005010                RTC_WKUP_IRQHandler
                0x0000000008005010                PVD_PVM_IRQHandler
                0x0000000008005010                SPI2_IRQHandler
                0x0000000008005010                MemManage_Handler
                0x0000000008005010                CAN1_TX_IRQHandler
                0x0000000008005010                SVC_Handler
                0x0000000008005010                DMA2_Channel5_IRQHandler
                0x0000000008005010                DMA1_Channel5_IRQHandler
                0x0000000008005010                EXTI4_IRQHandler
                0x0000000008005010                RNG_IRQHandler
                0x0000000008005010                TIM1_TRG_COM_TIM17_IRQHandler
                0x0000000008005010                DMA1_Channel3_IRQHandler
                0x0000000008005010                COMP_IRQHandler
                0x0000000008005010                WWDG_IRQHandler
                0x0000000008005010                LPUART1_IRQHandler
                0x0000000008005010                DMA2_Channel6_IRQHandler
                0x0000000008005010                TIM2_IRQHandler
                0x0000000008005010                EXTI1_IRQHandler
                0x0000000008005010                USART2_IRQHandler
                0x0000000008005010                DFSDM1_FLT0_IRQHandler
                0x0000000008005010                I2C2_ER_IRQHandler
                0x0000000008005010                DMA1_Channel2_IRQHandler
                0x0000000008005010                TIM8_BRK_IRQHandler
                0x0000000008005010                CAN1_SCE_IRQHandler
                0x0000000008005010                FLASH_IRQHandler
                0x0000000008005010                BusFault_Handler
                0x0000000008005010                USART1_IRQHandler
                0x0000000008005010                SPI3_IRQHandler
                0x0000000008005010                I2C1_ER_IRQHandler
                0x0000000008005010                FMC_IRQHandler
                0x0000000008005010                SWPMI1_IRQHandler
                0x0000000008005010                LPTIM1_IRQHandler
                0x0000000008005010                SAI1_IRQHandler
                0x0000000008005010                DMA2_Channel3_IRQHandler
                0x0000000008005010                RTC_Alarm_IRQHandler
 *fill*         0x0000000008005012        0x2 
 .text.SystemClock_Config
                0x0000000008005014      0x144 DataLog/User/cube_hal_l4.o
                0x0000000008005014                SystemClock_Config
 .text.Error_Handler
                0x0000000008005158        0x6 DataLog/User/cube_hal_l4.o
 *fill*         0x000000000800515e        0x2 
 .text.DATALOG_SD_Init
                0x0000000008005160       0x54 DataLog/User/datalog_application.o
                0x0000000008005160                DATALOG_SD_Init
 .text.Accelero_Sensor_Handler
                0x00000000080051b4       0x70 DataLog/User/datalog_application.o
                0x00000000080051b4                Accelero_Sensor_Handler
 .text.waitToProceed
                0x0000000008005224       0x38 DataLog/User/datalog_application.o
                0x0000000008005224                waitToProceed
 .text.main     0x000000000800525c      0x4d4 DataLog/User/main.o
                0x000000000800525c                main
 .text.initializeAllSensors
                0x0000000008005730       0xf4 DataLog/User/main.o
 .text.enableAllSensors
                0x0000000008005824       0x88 DataLog/User/main.o
                0x0000000008005824                enableAllSensors
 .text.RTC_Config
                0x00000000080058ac       0x4c DataLog/User/main.o
 .text.RTC_TimeStampConfig
                0x00000000080058f8       0x68 DataLog/User/main.o
 .text.HAL_GPIO_EXTI_Callback
                0x0000000008005960       0x20 DataLog/User/main.o
                0x0000000008005960                HAL_GPIO_EXTI_Callback
 .text.Error_Handler
                0x0000000008005980        0x6 DataLog/User/main.o
 *fill*         0x0000000008005986        0x2 
 .text.actionfunc
                0x0000000008005988       0x94 DataLog/User/main.o
                0x0000000008005988                actionfunc
 .text.normalize
                0x0000000008005a1c       0xe0 DataLog/User/main.o
                0x0000000008005a1c                normalize
 .text.analyzeavgs
                0x0000000008005afc       0xe8 DataLog/User/main.o
                0x0000000008005afc                analyzeavgs
 *fill*         0x0000000008005be4        0x4 
 .text.findPeaks
                0x0000000008005be8       0xe0 DataLog/User/main.o
                0x0000000008005be8                findPeaks
 .text.AZrawavg
                0x0000000008005cc8       0x6c DataLog/User/main.o
                0x0000000008005cc8                AZrawavg
 .text.standevcalc
                0x0000000008005d34       0x7c DataLog/User/main.o
                0x0000000008005d34                standevcalc
 .text.HAL_RTC_MspInit
                0x0000000008005db0       0x34 DataLog/User/stm32l4xx_hal_msp.o
                0x0000000008005db0                HAL_RTC_MspInit
 .text.NMI_Handler
                0x0000000008005de4        0xe DataLog/User/stm32l4xx_it.o
                0x0000000008005de4                NMI_Handler
 .text.HardFault_Handler
                0x0000000008005df2        0x6 DataLog/User/stm32l4xx_it.o
                0x0000000008005df2                HardFault_Handler
 .text.DebugMon_Handler
                0x0000000008005df8        0xe DataLog/User/stm32l4xx_it.o
                0x0000000008005df8                DebugMon_Handler
 .text.SysTick_Handler
                0x0000000008005e06        0xc DataLog/User/stm32l4xx_it.o
                0x0000000008005e06                SysTick_Handler
 *fill*         0x0000000008005e12        0x2 
 .text.OTG_FS_IRQHandler
                0x0000000008005e14       0x14 DataLog/User/stm32l4xx_it.o
                0x0000000008005e14                OTG_FS_IRQHandler
 .text.TIM3_IRQHandler
                0x0000000008005e28       0x14 DataLog/User/stm32l4xx_it.o
                0x0000000008005e28                TIM3_IRQHandler
 .text.EXTI2_IRQHandler
                0x0000000008005e3c        0xe DataLog/User/stm32l4xx_it.o
                0x0000000008005e3c                EXTI2_IRQHandler
 *fill*         0x0000000008005e4a        0x2 
 .text._sbrk    0x0000000008005e4c       0x58 DataLog/User/syscalls.o
                0x0000000008005e4c                _sbrk
 .text._write   0x0000000008005ea4       0x38 DataLog/User/syscalls.o
                0x0000000008005ea4                _write
 .text._close   0x0000000008005edc       0x18 DataLog/User/syscalls.o
                0x0000000008005edc                _close
 .text._fstat   0x0000000008005ef4       0x20 DataLog/User/syscalls.o
                0x0000000008005ef4                _fstat
 .text._isatty  0x0000000008005f14       0x16 DataLog/User/syscalls.o
                0x0000000008005f14                _isatty
 .text._lseek   0x0000000008005f2a       0x1a DataLog/User/syscalls.o
                0x0000000008005f2a                _lseek
 .text._read    0x0000000008005f44       0x22 DataLog/User/syscalls.o
                0x0000000008005f44                _read
 *fill*         0x0000000008005f66        0x2 
 .text.CDC_Itf_Init
                0x0000000008005f68       0x74 DataLog/User/usbd_cdc_interface.o
 .text.CDC_Itf_DeInit
                0x0000000008005fdc       0x10 DataLog/User/usbd_cdc_interface.o
 .text.CDC_Itf_Control
                0x0000000008005fec      0x15c DataLog/User/usbd_cdc_interface.o
 .text.CDC_Fill_Buffer
                0x0000000008006148       0x54 DataLog/User/usbd_cdc_interface.o
                0x0000000008006148                CDC_Fill_Buffer
 .text.HAL_TIM_PeriodElapsedCallback
                0x000000000800619c       0x90 DataLog/User/usbd_cdc_interface.o
                0x000000000800619c                HAL_TIM_PeriodElapsedCallback
 .text.CDC_Itf_Receive
                0x000000000800622c       0x18 DataLog/User/usbd_cdc_interface.o
 .text.TIM_Config
                0x0000000008006244       0x40 DataLog/User/usbd_cdc_interface.o
 .text.Error_Handler
                0x0000000008006284        0xe DataLog/User/usbd_cdc_interface.o
 *fill*         0x0000000008006292        0x2 
 .text.HAL_PCD_MspInit
                0x0000000008006294       0x78 DataLog/User/usbd_conf.o
                0x0000000008006294                HAL_PCD_MspInit
 .text.HAL_PCD_SetupStageCallback
                0x000000000800630c       0x24 DataLog/User/usbd_conf.o
                0x000000000800630c                HAL_PCD_SetupStageCallback
 .text.HAL_PCD_DataOutStageCallback
                0x0000000008006330       0x36 DataLog/User/usbd_conf.o
                0x0000000008006330                HAL_PCD_DataOutStageCallback
 .text.HAL_PCD_DataInStageCallback
                0x0000000008006366       0x34 DataLog/User/usbd_conf.o
                0x0000000008006366                HAL_PCD_DataInStageCallback
 .text.HAL_PCD_SOFCallback
                0x000000000800639a       0x1c DataLog/User/usbd_conf.o
                0x000000000800639a                HAL_PCD_SOFCallback
 .text.HAL_PCD_ResetCallback
                0x00000000080063b6       0x2a DataLog/User/usbd_conf.o
                0x00000000080063b6                HAL_PCD_ResetCallback
 .text.HAL_PCD_SuspendCallback
                0x00000000080063e0       0x1c DataLog/User/usbd_conf.o
                0x00000000080063e0                HAL_PCD_SuspendCallback
 .text.HAL_PCD_ResumeCallback
                0x00000000080063fc       0x1c DataLog/User/usbd_conf.o
                0x00000000080063fc                HAL_PCD_ResumeCallback
 .text.HAL_PCD_ISOOUTIncompleteCallback
                0x0000000008006418       0x24 DataLog/User/usbd_conf.o
                0x0000000008006418                HAL_PCD_ISOOUTIncompleteCallback
 .text.HAL_PCD_ISOINIncompleteCallback
                0x000000000800643c       0x24 DataLog/User/usbd_conf.o
                0x000000000800643c                HAL_PCD_ISOINIncompleteCallback
 .text.HAL_PCD_ConnectCallback
                0x0000000008006460       0x1c DataLog/User/usbd_conf.o
                0x0000000008006460                HAL_PCD_ConnectCallback
 .text.HAL_PCD_DisconnectCallback
                0x000000000800647c       0x1c DataLog/User/usbd_conf.o
                0x000000000800647c                HAL_PCD_DisconnectCallback
 .text.USBD_LL_Init
                0x0000000008006498       0x94 DataLog/User/usbd_conf.o
                0x0000000008006498                USBD_LL_Init
 .text.USBD_LL_Start
                0x000000000800652c       0x1e DataLog/User/usbd_conf.o
                0x000000000800652c                USBD_LL_Start
 .text.USBD_LL_OpenEP
                0x000000000800654a       0x34 DataLog/User/usbd_conf.o
                0x000000000800654a                USBD_LL_OpenEP
 .text.USBD_LL_CloseEP
                0x000000000800657e       0x26 DataLog/User/usbd_conf.o
                0x000000000800657e                USBD_LL_CloseEP
 .text.USBD_LL_StallEP
                0x00000000080065a4       0x26 DataLog/User/usbd_conf.o
                0x00000000080065a4                USBD_LL_StallEP
 .text.USBD_LL_ClearStallEP
                0x00000000080065ca       0x26 DataLog/User/usbd_conf.o
                0x00000000080065ca                USBD_LL_ClearStallEP
 .text.USBD_LL_IsStallEP
                0x00000000080065f0       0x58 DataLog/User/usbd_conf.o
                0x00000000080065f0                USBD_LL_IsStallEP
 .text.USBD_LL_SetUSBAddress
                0x0000000008006648       0x26 DataLog/User/usbd_conf.o
                0x0000000008006648                USBD_LL_SetUSBAddress
 .text.USBD_LL_Transmit
                0x000000000800666e       0x2e DataLog/User/usbd_conf.o
                0x000000000800666e                USBD_LL_Transmit
 .text.USBD_LL_PrepareReceive
                0x000000000800669c       0x2e DataLog/User/usbd_conf.o
                0x000000000800669c                USBD_LL_PrepareReceive
 .text.USBD_LL_GetRxDataSize
                0x00000000080066ca       0x26 DataLog/User/usbd_conf.o
                0x00000000080066ca                USBD_LL_GetRxDataSize
 .text.USBD_VCP_DeviceDescriptor
                0x00000000080066f0       0x24 DataLog/User/usbd_desc.o
                0x00000000080066f0                USBD_VCP_DeviceDescriptor
 .text.USBD_VCP_LangIDStrDescriptor
                0x0000000008006714       0x24 DataLog/User/usbd_desc.o
                0x0000000008006714                USBD_VCP_LangIDStrDescriptor
 .text.USBD_VCP_ProductStrDescriptor
                0x0000000008006738       0x28 DataLog/User/usbd_desc.o
                0x0000000008006738                USBD_VCP_ProductStrDescriptor
 .text.USBD_VCP_ManufacturerStrDescriptor
                0x0000000008006760       0x28 DataLog/User/usbd_desc.o
                0x0000000008006760                USBD_VCP_ManufacturerStrDescriptor
 .text.USBD_VCP_SerialStrDescriptor
                0x0000000008006788       0x24 DataLog/User/usbd_desc.o
                0x0000000008006788                USBD_VCP_SerialStrDescriptor
 .text.USBD_VCP_ConfigStrDescriptor
                0x00000000080067ac       0x28 DataLog/User/usbd_desc.o
                0x00000000080067ac                USBD_VCP_ConfigStrDescriptor
 .text.USBD_VCP_InterfaceStrDescriptor
                0x00000000080067d4       0x28 DataLog/User/usbd_desc.o
                0x00000000080067d4                USBD_VCP_InterfaceStrDescriptor
 .text.Get_SerialNum
                0x00000000080067fc       0x58 DataLog/User/usbd_desc.o
 .text.IntToUnicode
                0x0000000008006854       0x7c DataLog/User/usbd_desc.o
 .text.HTS221_ReadReg
                0x00000000080068d0       0x32 Drivers/BSP/Components/HTS221_Driver.o
                0x00000000080068d0                HTS221_ReadReg
 .text.HTS221_WriteReg
                0x0000000008006902       0x32 Drivers/BSP/Components/HTS221_Driver.o
                0x0000000008006902                HTS221_WriteReg
 .text.HTS221_Get_DeviceID
                0x0000000008006934       0x2a Drivers/BSP/Components/HTS221_Driver.o
                0x0000000008006934                HTS221_Get_DeviceID
 *fill*         0x000000000800695e        0x2 
 .text.HTS221_Get_Humidity
                0x0000000008006960      0x154 Drivers/BSP/Components/HTS221_Driver.o
                0x0000000008006960                HTS221_Get_Humidity
 .text.HTS221_Get_Temperature
                0x0000000008006ab4      0x14c Drivers/BSP/Components/HTS221_Driver.o
                0x0000000008006ab4                HTS221_Get_Temperature
 .text.HTS221_Get_DataStatus
                0x0000000008006c00       0x48 Drivers/BSP/Components/HTS221_Driver.o
                0x0000000008006c00                HTS221_Get_DataStatus
 .text.HTS221_Activate
                0x0000000008006c48       0x4c Drivers/BSP/Components/HTS221_Driver.o
                0x0000000008006c48                HTS221_Activate
 .text.HTS221_DeActivate
                0x0000000008006c94       0x4c Drivers/BSP/Components/HTS221_Driver.o
                0x0000000008006c94                HTS221_DeActivate
 .text.HTS221_Set_BduMode
                0x0000000008006ce0       0x7c Drivers/BSP/Components/HTS221_Driver.o
                0x0000000008006ce0                HTS221_Set_BduMode
 .text.HTS221_Set_Odr
                0x0000000008006d5c       0x80 Drivers/BSP/Components/HTS221_Driver.o
                0x0000000008006d5c                HTS221_Set_Odr
 .text.HTS221_Get_Odr
                0x0000000008006ddc       0x3c Drivers/BSP/Components/HTS221_Driver.o
                0x0000000008006ddc                HTS221_Get_Odr
 .text.HTS221_assert_failed
                0x0000000008006e18       0x1c Drivers/BSP/Components/HTS221_Driver.o
                0x0000000008006e18                HTS221_assert_failed
 .text.HTS221_H_Init
                0x0000000008006e34       0x42 Drivers/BSP/Components/HTS221_Driver_HL.o
 .text.HTS221_H_DeInit
                0x0000000008006e76       0x42 Drivers/BSP/Components/HTS221_Driver_HL.o
 .text.HTS221_H_Sensor_Enable
                0x0000000008006eb8       0x4e Drivers/BSP/Components/HTS221_Driver_HL.o
 .text.HTS221_H_Sensor_Disable
                0x0000000008006f06       0x4e Drivers/BSP/Components/HTS221_Driver_HL.o
 .text.HTS221_H_Get_WhoAmI
                0x0000000008006f54       0x1c Drivers/BSP/Components/HTS221_Driver_HL.o
 .text.HTS221_H_Check_WhoAmI
                0x0000000008006f70       0x18 Drivers/BSP/Components/HTS221_Driver_HL.o
 .text.HTS221_H_Get_Hum
                0x0000000008006f88       0x1c Drivers/BSP/Components/HTS221_Driver_HL.o
 .text.HTS221_H_Get_ODR
                0x0000000008006fa4       0x1c Drivers/BSP/Components/HTS221_Driver_HL.o
 .text.HTS221_H_Set_ODR
                0x0000000008006fc0       0x20 Drivers/BSP/Components/HTS221_Driver_HL.o
 .text.HTS221_H_Set_ODR_Value
                0x0000000008006fe0       0x20 Drivers/BSP/Components/HTS221_Driver_HL.o
 .text.HTS221_H_Read_Reg
                0x0000000008007000       0x2e Drivers/BSP/Components/HTS221_Driver_HL.o
 .text.HTS221_H_Write_Reg
                0x000000000800702e       0x30 Drivers/BSP/Components/HTS221_Driver_HL.o
 .text.HTS221_H_Get_DRDY_Status
                0x000000000800705e       0x4c Drivers/BSP/Components/HTS221_Driver_HL.o
 .text.HTS221_T_Init
                0x00000000080070aa       0x42 Drivers/BSP/Components/HTS221_Driver_HL.o
 .text.HTS221_T_DeInit
                0x00000000080070ec       0x42 Drivers/BSP/Components/HTS221_Driver_HL.o
 .text.HTS221_T_Sensor_Enable
                0x000000000800712e       0x4e Drivers/BSP/Components/HTS221_Driver_HL.o
 .text.HTS221_T_Sensor_Disable
                0x000000000800717c       0x4e Drivers/BSP/Components/HTS221_Driver_HL.o
 .text.HTS221_T_Get_WhoAmI
                0x00000000080071ca       0x1c Drivers/BSP/Components/HTS221_Driver_HL.o
 .text.HTS221_T_Check_WhoAmI
                0x00000000080071e6       0x18 Drivers/BSP/Components/HTS221_Driver_HL.o
 .text.HTS221_T_Get_Temp
                0x00000000080071fe       0x1c Drivers/BSP/Components/HTS221_Driver_HL.o
 .text.HTS221_T_Get_ODR
                0x000000000800721a       0x1c Drivers/BSP/Components/HTS221_Driver_HL.o
 .text.HTS221_T_Set_ODR
                0x0000000008007236       0x20 Drivers/BSP/Components/HTS221_Driver_HL.o
 .text.HTS221_T_Set_ODR_Value
                0x0000000008007256       0x20 Drivers/BSP/Components/HTS221_Driver_HL.o
 .text.HTS221_T_Read_Reg
                0x0000000008007276       0x2e Drivers/BSP/Components/HTS221_Driver_HL.o
 .text.HTS221_T_Write_Reg
                0x00000000080072a4       0x30 Drivers/BSP/Components/HTS221_Driver_HL.o
 .text.HTS221_T_Get_DRDY_Status
                0x00000000080072d4       0x4c Drivers/BSP/Components/HTS221_Driver_HL.o
 .text.HTS221_Init
                0x0000000008007320       0x56 Drivers/BSP/Components/HTS221_Driver_HL.o
 .text.HTS221_Sensor_Enable
                0x0000000008007376       0x22 Drivers/BSP/Components/HTS221_Driver_HL.o
 .text.HTS221_Sensor_Disable
                0x0000000008007398       0x22 Drivers/BSP/Components/HTS221_Driver_HL.o
 .text.HTS221_Get_WhoAmI
                0x00000000080073ba       0x26 Drivers/BSP/Components/HTS221_Driver_HL.o
 .text.HTS221_Check_WhoAmI
                0x00000000080073e0       0x3a Drivers/BSP/Components/HTS221_Driver_HL.o
 .text.HTS221_Get_Hum
                0x000000000800741a       0x46 Drivers/BSP/Components/HTS221_Driver_HL.o
 .text.HTS221_Get_Temp
                0x0000000008007460       0x48 Drivers/BSP/Components/HTS221_Driver_HL.o
 .text.HTS221_Get_ODR
                0x00000000080074a8       0x80 Drivers/BSP/Components/HTS221_Driver_HL.o
 .text.HTS221_Set_ODR
                0x0000000008007528       0x6c Drivers/BSP/Components/HTS221_Driver_HL.o
 .text.HTS221_Set_ODR_Value
                0x0000000008007594       0x5a Drivers/BSP/Components/HTS221_Driver_HL.o
 .text.HTS221_Read_Reg
                0x00000000080075ee       0x2e Drivers/BSP/Components/HTS221_Driver_HL.o
 .text.HTS221_Write_Reg
                0x000000000800761c       0x30 Drivers/BSP/Components/HTS221_Driver_HL.o
 .text.LPS22HB_ReadReg
                0x000000000800764c       0x32 Drivers/BSP/Components/LPS22HB_Driver.o
                0x000000000800764c                LPS22HB_ReadReg
 .text.LPS22HB_WriteReg
                0x000000000800767e       0x32 Drivers/BSP/Components/LPS22HB_Driver.o
                0x000000000800767e                LPS22HB_WriteReg
 .text.LPS22HB_Get_DeviceID
                0x00000000080076b0       0x2a Drivers/BSP/Components/LPS22HB_Driver.o
                0x00000000080076b0                LPS22HB_Get_DeviceID
 .text.LPS22HB_Set_PowerMode
                0x00000000080076da       0x5a Drivers/BSP/Components/LPS22HB_Driver.o
                0x00000000080076da                LPS22HB_Set_PowerMode
 .text.LPS22HB_Set_Odr
                0x0000000008007734       0x5a Drivers/BSP/Components/LPS22HB_Driver.o
                0x0000000008007734                LPS22HB_Set_Odr
 .text.LPS22HB_Get_Odr
                0x000000000800778e       0x38 Drivers/BSP/Components/LPS22HB_Driver.o
                0x000000000800778e                LPS22HB_Get_Odr
 .text.LPS22HB_Set_LowPassFilter
                0x00000000080077c6       0x62 Drivers/BSP/Components/LPS22HB_Driver.o
                0x00000000080077c6                LPS22HB_Set_LowPassFilter
 .text.LPS22HB_Set_LowPassFilterCutoff
                0x0000000008007828       0x5a Drivers/BSP/Components/LPS22HB_Driver.o
                0x0000000008007828                LPS22HB_Set_LowPassFilterCutoff
 .text.LPS22HB_Set_Bdu
                0x0000000008007882       0x5a Drivers/BSP/Components/LPS22HB_Driver.o
                0x0000000008007882                LPS22HB_Set_Bdu
 .text.LPS22HB_SwResetAndMemoryBoot
                0x00000000080078dc       0x4c Drivers/BSP/Components/LPS22HB_Driver.o
                0x00000000080078dc                LPS22HB_SwResetAndMemoryBoot
 .text.LPS22HB_Set_FifoModeUse
                0x0000000008007928       0x62 Drivers/BSP/Components/LPS22HB_Driver.o
                0x0000000008007928                LPS22HB_Set_FifoModeUse
 .text.LPS22HB_Set_FifoWatermarkLevelUse
                0x000000000800798a       0x62 Drivers/BSP/Components/LPS22HB_Driver.o
                0x000000000800798a                LPS22HB_Set_FifoWatermarkLevelUse
 .text.LPS22HB_Set_AutomaticIncrementRegAddress
                0x00000000080079ec       0x62 Drivers/BSP/Components/LPS22HB_Driver.o
                0x00000000080079ec                LPS22HB_Set_AutomaticIncrementRegAddress
 .text.LPS22HB_Set_I2C
                0x0000000008007a4e       0x66 Drivers/BSP/Components/LPS22HB_Driver.o
                0x0000000008007a4e                LPS22HB_Set_I2C
 .text.LPS22HB_Set_FIFO_OVR_Interrupt
                0x0000000008007ab4       0x62 Drivers/BSP/Components/LPS22HB_Driver.o
                0x0000000008007ab4                LPS22HB_Set_FIFO_OVR_Interrupt
 .text.LPS22HB_Set_FIFO_FTH_Interrupt
                0x0000000008007b16       0x62 Drivers/BSP/Components/LPS22HB_Driver.o
                0x0000000008007b16                LPS22HB_Set_FIFO_FTH_Interrupt
 .text.LPS22HB_Set_FIFO_FULL_Interrupt
                0x0000000008007b78       0x62 Drivers/BSP/Components/LPS22HB_Driver.o
                0x0000000008007b78                LPS22HB_Set_FIFO_FULL_Interrupt
 .text.LPS22HB_Get_DataStatus
                0x0000000008007bda       0x64 Drivers/BSP/Components/LPS22HB_Driver.o
                0x0000000008007bda                LPS22HB_Get_DataStatus
 .text.LPS22HB_Get_RawPressure
                0x0000000008007c3e       0x76 Drivers/BSP/Components/LPS22HB_Driver.o
                0x0000000008007c3e                LPS22HB_Get_RawPressure
 .text.LPS22HB_Get_Pressure
                0x0000000008007cb4       0x42 Drivers/BSP/Components/LPS22HB_Driver.o
                0x0000000008007cb4                LPS22HB_Get_Pressure
 .text.LPS22HB_Get_RawTemperature
                0x0000000008007cf6       0x44 Drivers/BSP/Components/LPS22HB_Driver.o
                0x0000000008007cf6                LPS22HB_Get_RawTemperature
 *fill*         0x0000000008007d3a        0x2 
 .text.LPS22HB_Get_Temperature
                0x0000000008007d3c       0x50 Drivers/BSP/Components/LPS22HB_Driver.o
                0x0000000008007d3c                LPS22HB_Get_Temperature
 .text.LPS22HB_Set_FifoMode
                0x0000000008007d8c       0x5a Drivers/BSP/Components/LPS22HB_Driver.o
                0x0000000008007d8c                LPS22HB_Set_FifoMode
 .text.LPS22HB_Get_FifoMode
                0x0000000008007de6       0x3c Drivers/BSP/Components/LPS22HB_Driver.o
                0x0000000008007de6                LPS22HB_Get_FifoMode
 .text.LPS22HB_Set_FifoWatermarkLevel
                0x0000000008007e22       0x5a Drivers/BSP/Components/LPS22HB_Driver.o
                0x0000000008007e22                LPS22HB_Set_FifoWatermarkLevel
 .text.LPS22HB_Get_FifoWatermarkLevel
                0x0000000008007e7c       0x38 Drivers/BSP/Components/LPS22HB_Driver.o
                0x0000000008007e7c                LPS22HB_Get_FifoWatermarkLevel
 .text.LPS22HB_Get_FifoStatus
                0x0000000008007eb4       0x7e Drivers/BSP/Components/LPS22HB_Driver.o
                0x0000000008007eb4                LPS22HB_Get_FifoStatus
 .text.LPS22HB_P_Init
                0x0000000008007f32       0x42 Drivers/BSP/Components/LPS22HB_Driver_HL.o
 .text.LPS22HB_P_DeInit
                0x0000000008007f74       0x40 Drivers/BSP/Components/LPS22HB_Driver_HL.o
 .text.LPS22HB_P_Sensor_Enable
                0x0000000008007fb4       0x50 Drivers/BSP/Components/LPS22HB_Driver_HL.o
 .text.LPS22HB_P_Sensor_Disable
                0x0000000008008004       0x4e Drivers/BSP/Components/LPS22HB_Driver_HL.o
 .text.LPS22HB_P_Get_WhoAmI
                0x0000000008008052       0x1c Drivers/BSP/Components/LPS22HB_Driver_HL.o
 .text.LPS22HB_P_Check_WhoAmI
                0x000000000800806e       0x18 Drivers/BSP/Components/LPS22HB_Driver_HL.o
 .text.LPS22HB_P_Get_Press
                0x0000000008008086       0x1c Drivers/BSP/Components/LPS22HB_Driver_HL.o
 .text.LPS22HB_P_Get_ODR
                0x00000000080080a2       0x1c Drivers/BSP/Components/LPS22HB_Driver_HL.o
 .text.LPS22HB_P_Set_ODR
                0x00000000080080be       0x54 Drivers/BSP/Components/LPS22HB_Driver_HL.o
 .text.LPS22HB_P_Set_ODR_Value
                0x0000000008008112       0x54 Drivers/BSP/Components/LPS22HB_Driver_HL.o
 .text.LPS22HB_P_Read_Reg
                0x0000000008008166       0x2e Drivers/BSP/Components/LPS22HB_Driver_HL.o
 .text.LPS22HB_P_Write_Reg
                0x0000000008008194       0x30 Drivers/BSP/Components/LPS22HB_Driver_HL.o
 .text.LPS22HB_P_Get_DRDY_Status
                0x00000000080081c4       0x30 Drivers/BSP/Components/LPS22HB_Driver_HL.o
 .text.LPS22HB_T_Init
                0x00000000080081f4       0x42 Drivers/BSP/Components/LPS22HB_Driver_HL.o
 .text.LPS22HB_T_DeInit
                0x0000000008008236       0x40 Drivers/BSP/Components/LPS22HB_Driver_HL.o
 .text.LPS22HB_T_Sensor_Enable
                0x0000000008008276       0x50 Drivers/BSP/Components/LPS22HB_Driver_HL.o
 .text.LPS22HB_T_Sensor_Disable
                0x00000000080082c6       0x4e Drivers/BSP/Components/LPS22HB_Driver_HL.o
 .text.LPS22HB_T_Get_WhoAmI
                0x0000000008008314       0x1c Drivers/BSP/Components/LPS22HB_Driver_HL.o
 .text.LPS22HB_T_Check_WhoAmI
                0x0000000008008330       0x18 Drivers/BSP/Components/LPS22HB_Driver_HL.o
 .text.LPS22HB_T_Get_Temp
                0x0000000008008348       0x1c Drivers/BSP/Components/LPS22HB_Driver_HL.o
 .text.LPS22HB_T_Get_ODR
                0x0000000008008364       0x1c Drivers/BSP/Components/LPS22HB_Driver_HL.o
 .text.LPS22HB_T_Set_ODR
                0x0000000008008380       0x54 Drivers/BSP/Components/LPS22HB_Driver_HL.o
 .text.LPS22HB_T_Set_ODR_Value
                0x00000000080083d4       0x54 Drivers/BSP/Components/LPS22HB_Driver_HL.o
 .text.LPS22HB_T_Read_Reg
                0x0000000008008428       0x2e Drivers/BSP/Components/LPS22HB_Driver_HL.o
 .text.LPS22HB_T_Write_Reg
                0x0000000008008456       0x30 Drivers/BSP/Components/LPS22HB_Driver_HL.o
 .text.LPS22HB_T_Get_DRDY_Status
                0x0000000008008486       0x30 Drivers/BSP/Components/LPS22HB_Driver_HL.o
 *fill*         0x00000000080084b6        0x2 
 .text.LPS22HB_Initialize
                0x00000000080084b8       0xbc Drivers/BSP/Components/LPS22HB_Driver_HL.o
 .text.LPS22HB_Get_WhoAmI
                0x0000000008008574       0x26 Drivers/BSP/Components/LPS22HB_Driver_HL.o
 .text.LPS22HB_Check_WhoAmI
                0x000000000800859a       0x3a Drivers/BSP/Components/LPS22HB_Driver_HL.o
 .text.LPS22HB_Get_Press
                0x00000000080085d4       0x4c Drivers/BSP/Components/LPS22HB_Driver_HL.o
 .text.LPS22HB_Get_Temp
                0x0000000008008620       0x48 Drivers/BSP/Components/LPS22HB_Driver_HL.o
 .text.LPS22HB_Get_ODR
                0x0000000008008668       0xa0 Drivers/BSP/Components/LPS22HB_Driver_HL.o
 .text.LPS22HB_Set_ODR_When_Enabled
                0x0000000008008708       0x88 Drivers/BSP/Components/LPS22HB_Driver_HL.o
 .text.LPS22HB_Set_ODR_When_Disabled
                0x0000000008008790       0x7c Drivers/BSP/Components/LPS22HB_Driver_HL.o
 .text.LPS22HB_Set_ODR_Value_When_Enabled
                0x000000000800880c       0xa4 Drivers/BSP/Components/LPS22HB_Driver_HL.o
 .text.LPS22HB_Set_ODR_Value_When_Disabled
                0x00000000080088b0       0x90 Drivers/BSP/Components/LPS22HB_Driver_HL.o
 .text.LPS22HB_Read_Reg
                0x0000000008008940       0x2e Drivers/BSP/Components/LPS22HB_Driver_HL.o
 .text.LPS22HB_Write_Reg
                0x000000000800896e       0x30 Drivers/BSP/Components/LPS22HB_Driver_HL.o
 .text.LPS22HB_FIFO_Get_Empty_Status
                0x000000000800899e       0x30 Drivers/BSP/Components/LPS22HB_Driver_HL.o
 .text.LPS22HB_FIFO_Get_Full_Status
                0x00000000080089ce       0x30 Drivers/BSP/Components/LPS22HB_Driver_HL.o
 .text.LPS22HB_FIFO_Get_Ovr_Status
                0x00000000080089fe       0x30 Drivers/BSP/Components/LPS22HB_Driver_HL.o
 .text.LPS22HB_FIFO_Get_Fth_Status
                0x0000000008008a2e       0x30 Drivers/BSP/Components/LPS22HB_Driver_HL.o
 .text.LPS22HB_FIFO_Stop_On_Fth
                0x0000000008008a5e       0x38 Drivers/BSP/Components/LPS22HB_Driver_HL.o
 .text.LPS22HB_FIFO_Usage
                0x0000000008008a96       0x38 Drivers/BSP/Components/LPS22HB_Driver_HL.o
 .text.LPS22HB_FIFO_Get_Num_Of_Samples
                0x0000000008008ace       0x30 Drivers/BSP/Components/LPS22HB_Driver_HL.o
 .text.LPS22HB_FIFO_Get_Data
                0x0000000008008afe       0x3a Drivers/BSP/Components/LPS22HB_Driver_HL.o
 .text.LPS22HB_FIFO_Get_Mode
                0x0000000008008b38       0x30 Drivers/BSP/Components/LPS22HB_Driver_HL.o
 .text.LPS22HB_FIFO_Set_Mode
                0x0000000008008b68       0x50 Drivers/BSP/Components/LPS22HB_Driver_HL.o
 .text.LPS22HB_FIFO_Get_Watermark_Level
                0x0000000008008bb8       0x26 Drivers/BSP/Components/LPS22HB_Driver_HL.o
 .text.LPS22HB_FIFO_Set_Watermark_Level
                0x0000000008008bde       0x2a Drivers/BSP/Components/LPS22HB_Driver_HL.o
 .text.LPS22HB_FIFO_Watermark_Usage
                0x0000000008008c08       0x38 Drivers/BSP/Components/LPS22HB_Driver_HL.o
 .text.LPS22HB_FIFO_Set_Interrupt
                0x0000000008008c40       0x68 Drivers/BSP/Components/LPS22HB_Driver_HL.o
 .text.LPS22HB_FIFO_Reset_Interrupt
                0x0000000008008ca8       0x68 Drivers/BSP/Components/LPS22HB_Driver_HL.o
 .text.LSM303AGR_ACC_WriteReg
                0x0000000008008d10       0x34 Drivers/BSP/Components/LSM303AGR_ACC_driver.o
                0x0000000008008d10                LSM303AGR_ACC_WriteReg
 .text.LSM303AGR_ACC_ReadReg
                0x0000000008008d44       0x34 Drivers/BSP/Components/LSM303AGR_ACC_driver.o
                0x0000000008008d44                LSM303AGR_ACC_ReadReg
 .text.LSM303AGR_ACC_R_WHO_AM_I
                0x0000000008008d78       0x3a Drivers/BSP/Components/LSM303AGR_ACC_driver.o
                0x0000000008008d78                LSM303AGR_ACC_R_WHO_AM_I
 .text.LSM303AGR_ACC_W_BlockDataUpdate
                0x0000000008008db2       0x5a Drivers/BSP/Components/LSM303AGR_ACC_driver.o
                0x0000000008008db2                LSM303AGR_ACC_W_BlockDataUpdate
 .text.LSM303AGR_ACC_W_FullScale
                0x0000000008008e0c       0x5a Drivers/BSP/Components/LSM303AGR_ACC_driver.o
                0x0000000008008e0c                LSM303AGR_ACC_W_FullScale
 .text.LSM303AGR_ACC_R_FullScale
                0x0000000008008e66       0x38 Drivers/BSP/Components/LSM303AGR_ACC_driver.o
                0x0000000008008e66                LSM303AGR_ACC_R_FullScale
 .text.LSM303AGR_ACC_Get_Raw_Acceleration
                0x0000000008008e9e       0x2a Drivers/BSP/Components/LSM303AGR_ACC_driver.o
                0x0000000008008e9e                LSM303AGR_ACC_Get_Raw_Acceleration
 .text.LSM303AGR_ACC_Get_Acceleration
                0x0000000008008ec8      0x1cc Drivers/BSP/Components/LSM303AGR_ACC_driver.o
                0x0000000008008ec8                LSM303AGR_ACC_Get_Acceleration
 .text.LSM303AGR_ACC_W_ODR
                0x0000000008009094       0x5a Drivers/BSP/Components/LSM303AGR_ACC_driver.o
                0x0000000008009094                LSM303AGR_ACC_W_ODR
 .text.LSM303AGR_ACC_R_ODR
                0x00000000080090ee       0x38 Drivers/BSP/Components/LSM303AGR_ACC_driver.o
                0x00000000080090ee                LSM303AGR_ACC_R_ODR
 .text.LSM303AGR_ACC_W_XEN
                0x0000000008009126       0x5a Drivers/BSP/Components/LSM303AGR_ACC_driver.o
                0x0000000008009126                LSM303AGR_ACC_W_XEN
 .text.LSM303AGR_ACC_R_XEN
                0x0000000008009180       0x38 Drivers/BSP/Components/LSM303AGR_ACC_driver.o
                0x0000000008009180                LSM303AGR_ACC_R_XEN
 .text.LSM303AGR_ACC_W_YEN
                0x00000000080091b8       0x5a Drivers/BSP/Components/LSM303AGR_ACC_driver.o
                0x00000000080091b8                LSM303AGR_ACC_W_YEN
 .text.LSM303AGR_ACC_R_YEN
                0x0000000008009212       0x38 Drivers/BSP/Components/LSM303AGR_ACC_driver.o
                0x0000000008009212                LSM303AGR_ACC_R_YEN
 .text.LSM303AGR_ACC_W_ZEN
                0x000000000800924a       0x5a Drivers/BSP/Components/LSM303AGR_ACC_driver.o
                0x000000000800924a                LSM303AGR_ACC_W_ZEN
 .text.LSM303AGR_ACC_R_ZEN
                0x00000000080092a4       0x38 Drivers/BSP/Components/LSM303AGR_ACC_driver.o
                0x00000000080092a4                LSM303AGR_ACC_R_ZEN
 .text.LSM303AGR_ACC_R_LOWPWR_EN
                0x00000000080092dc       0x38 Drivers/BSP/Components/LSM303AGR_ACC_driver.o
                0x00000000080092dc                LSM303AGR_ACC_R_LOWPWR_EN
 .text.LSM303AGR_ACC_R_HiRes
                0x0000000008009314       0x38 Drivers/BSP/Components/LSM303AGR_ACC_driver.o
                0x0000000008009314                LSM303AGR_ACC_R_HiRes
 .text.LSM303AGR_ACC_R_XDataAvail
                0x000000000800934c       0x38 Drivers/BSP/Components/LSM303AGR_ACC_driver.o
                0x000000000800934c                LSM303AGR_ACC_R_XDataAvail
 .text.LSM303AGR_ACC_W_FifoMode
                0x0000000008009384       0x5a Drivers/BSP/Components/LSM303AGR_ACC_driver.o
                0x0000000008009384                LSM303AGR_ACC_W_FifoMode
 *fill*         0x00000000080093de        0x2 
 .text.LSM303AGR_X_Init
                0x00000000080093e0       0xc0 Drivers/BSP/Components/LSM303AGR_ACC_driver_HL.o
 .text.LSM303AGR_X_DeInit
                0x00000000080094a0       0x58 Drivers/BSP/Components/LSM303AGR_ACC_driver_HL.o
 .text.LSM303AGR_X_Sensor_Enable
                0x00000000080094f8       0x4a Drivers/BSP/Components/LSM303AGR_ACC_driver_HL.o
 .text.LSM303AGR_X_Sensor_Disable
                0x0000000008009542       0x58 Drivers/BSP/Components/LSM303AGR_ACC_driver_HL.o
 .text.LSM303AGR_X_Get_WhoAmI
                0x000000000800959a       0x26 Drivers/BSP/Components/LSM303AGR_ACC_driver_HL.o
 .text.LSM303AGR_X_Check_WhoAmI
                0x00000000080095c0       0x3a Drivers/BSP/Components/LSM303AGR_ACC_driver_HL.o
 .text.LSM303AGR_X_Get_Axes
                0x00000000080095fa       0x3c Drivers/BSP/Components/LSM303AGR_ACC_driver_HL.o
 .text.LSM303AGR_X_Get_AxesRaw
                0x0000000008009636       0x42 Drivers/BSP/Components/LSM303AGR_ACC_driver_HL.o
 .text.LSM303AGR_X_Get_Sensitivity
                0x0000000008009678       0x88 Drivers/BSP/Components/LSM303AGR_ACC_driver_HL.o
 .text.LSM303AGR_X_Get_ODR
                0x0000000008009700       0xc4 Drivers/BSP/Components/LSM303AGR_ACC_driver_HL.o
 .text.LSM303AGR_X_Set_ODR
                0x00000000080097c4       0x46 Drivers/BSP/Components/LSM303AGR_ACC_driver_HL.o
 .text.LSM303AGR_X_Set_ODR_Value
                0x000000000800980a       0x46 Drivers/BSP/Components/LSM303AGR_ACC_driver_HL.o
 .text.LSM303AGR_X_Get_FS
                0x0000000008009850       0x7c Drivers/BSP/Components/LSM303AGR_ACC_driver_HL.o
 .text.LSM303AGR_X_Set_FS
                0x00000000080098cc       0x4e Drivers/BSP/Components/LSM303AGR_ACC_driver_HL.o
 .text.LSM303AGR_X_Set_FS_Value
                0x000000000800991a       0x70 Drivers/BSP/Components/LSM303AGR_ACC_driver_HL.o
 .text.LSM303AGR_X_Get_Axes_Status
                0x000000000800998a       0x8c Drivers/BSP/Components/LSM303AGR_ACC_driver_HL.o
 .text.LSM303AGR_X_Set_Axes_Status
                0x0000000008009a16       0x78 Drivers/BSP/Components/LSM303AGR_ACC_driver_HL.o
 .text.LSM303AGR_X_Read_Reg
                0x0000000008009a8e       0x2e Drivers/BSP/Components/LSM303AGR_ACC_driver_HL.o
 .text.LSM303AGR_X_Write_Reg
                0x0000000008009abc       0x30 Drivers/BSP/Components/LSM303AGR_ACC_driver_HL.o
 .text.LSM303AGR_X_Get_DRDY_Status
                0x0000000008009aec       0x48 Drivers/BSP/Components/LSM303AGR_ACC_driver_HL.o
 .text.LSM303AGR_X_Get_Axes_Raw
                0x0000000008009b34       0xce Drivers/BSP/Components/LSM303AGR_ACC_driver_HL.o
 *fill*         0x0000000008009c02        0x2 
 .text.LSM303AGR_X_Set_ODR_When_Enabled
                0x0000000008009c04       0x6c Drivers/BSP/Components/LSM303AGR_ACC_driver_HL.o
 .text.LSM303AGR_X_Set_ODR_When_Disabled
                0x0000000008009c70       0x84 Drivers/BSP/Components/LSM303AGR_ACC_driver_HL.o
 .text.LSM303AGR_X_Set_ODR_Value_When_Enabled
                0x0000000008009cf4       0xc0 Drivers/BSP/Components/LSM303AGR_ACC_driver_HL.o
 .text.LSM303AGR_X_Set_ODR_Value_When_Disabled
                0x0000000008009db4       0xd8 Drivers/BSP/Components/LSM303AGR_ACC_driver_HL.o
 .text.LSM303AGR_X_Get_Sensitivity_Normal_Mode
                0x0000000008009e8c       0x84 Drivers/BSP/Components/LSM303AGR_ACC_driver_HL.o
 .text.LSM303AGR_X_Get_Sensitivity_LP_Mode
                0x0000000008009f10       0x84 Drivers/BSP/Components/LSM303AGR_ACC_driver_HL.o
 .text.LSM303AGR_X_Get_Sensitivity_HR_Mode
                0x0000000008009f94       0x84 Drivers/BSP/Components/LSM303AGR_ACC_driver_HL.o
 .text.LSM303AGR_MAG_WriteReg
                0x000000000800a018       0x34 Drivers/BSP/Components/LSM303AGR_MAG_driver.o
                0x000000000800a018                LSM303AGR_MAG_WriteReg
 .text.LSM303AGR_MAG_ReadReg
                0x000000000800a04c       0x34 Drivers/BSP/Components/LSM303AGR_MAG_driver.o
                0x000000000800a04c                LSM303AGR_MAG_ReadReg
 .text.LSM303AGR_MAG_R_WHO_AM_I
                0x000000000800a080       0x3a Drivers/BSP/Components/LSM303AGR_MAG_driver.o
                0x000000000800a080                LSM303AGR_MAG_R_WHO_AM_I
 .text.LSM303AGR_MAG_W_BDU
                0x000000000800a0ba       0x5a Drivers/BSP/Components/LSM303AGR_MAG_driver.o
                0x000000000800a0ba                LSM303AGR_MAG_W_BDU
 .text.LSM303AGR_MAG_W_MD
                0x000000000800a114       0x5a Drivers/BSP/Components/LSM303AGR_MAG_driver.o
                0x000000000800a114                LSM303AGR_MAG_W_MD
 .text.LSM303AGR_MAG_Get_Raw_Magnetic
                0x000000000800a16e       0x2a Drivers/BSP/Components/LSM303AGR_MAG_driver.o
                0x000000000800a16e                LSM303AGR_MAG_Get_Raw_Magnetic
 .text.LSM303AGR_MAG_W_ODR
                0x000000000800a198       0x5a Drivers/BSP/Components/LSM303AGR_MAG_driver.o
                0x000000000800a198                LSM303AGR_MAG_W_ODR
 .text.LSM303AGR_MAG_R_ODR
                0x000000000800a1f2       0x38 Drivers/BSP/Components/LSM303AGR_MAG_driver.o
                0x000000000800a1f2                LSM303AGR_MAG_R_ODR
 .text.LSM303AGR_MAG_W_ST
                0x000000000800a22a       0x5a Drivers/BSP/Components/LSM303AGR_MAG_driver.o
                0x000000000800a22a                LSM303AGR_MAG_W_ST
 .text.LSM303AGR_MAG_W_I2C_DIS
                0x000000000800a284       0x5a Drivers/BSP/Components/LSM303AGR_MAG_driver.o
                0x000000000800a284                LSM303AGR_MAG_W_I2C_DIS
 .text.LSM303AGR_MAG_R_ZYXDA
                0x000000000800a2de       0x38 Drivers/BSP/Components/LSM303AGR_MAG_driver.o
                0x000000000800a2de                LSM303AGR_MAG_R_ZYXDA
 .text.LSM303AGR_M_Init
                0x000000000800a316       0x9a Drivers/BSP/Components/LSM303AGR_MAG_driver_HL.o
 .text.LSM303AGR_M_DeInit
                0x000000000800a3b0       0x50 Drivers/BSP/Components/LSM303AGR_MAG_driver_HL.o
 .text.LSM303AGR_M_Sensor_Enable
                0x000000000800a400       0x36 Drivers/BSP/Components/LSM303AGR_MAG_driver_HL.o
 .text.LSM303AGR_M_Sensor_Disable
                0x000000000800a436       0x36 Drivers/BSP/Components/LSM303AGR_MAG_driver_HL.o
 .text.LSM303AGR_M_Get_WhoAmI
                0x000000000800a46c       0x26 Drivers/BSP/Components/LSM303AGR_MAG_driver_HL.o
 .text.LSM303AGR_M_Check_WhoAmI
                0x000000000800a492       0x3a Drivers/BSP/Components/LSM303AGR_MAG_driver_HL.o
 .text.LSM303AGR_M_Get_Axes
                0x000000000800a4cc       0xa6 Drivers/BSP/Components/LSM303AGR_MAG_driver_HL.o
 .text.LSM303AGR_M_Get_AxesRaw
                0x000000000800a572       0x42 Drivers/BSP/Components/LSM303AGR_MAG_driver_HL.o
 .text.LSM303AGR_M_Get_Sensitivity
                0x000000000800a5b4       0x20 Drivers/BSP/Components/LSM303AGR_MAG_driver_HL.o
 .text.LSM303AGR_M_Get_ODR
                0x000000000800a5d4       0xa8 Drivers/BSP/Components/LSM303AGR_MAG_driver_HL.o
 .text.LSM303AGR_M_Set_ODR
                0x000000000800a67c       0x6c Drivers/BSP/Components/LSM303AGR_MAG_driver_HL.o
 .text.LSM303AGR_M_Set_ODR_Value
                0x000000000800a6e8       0x74 Drivers/BSP/Components/LSM303AGR_MAG_driver_HL.o
 .text.LSM303AGR_M_Get_FS
                0x000000000800a75c       0x24 Drivers/BSP/Components/LSM303AGR_MAG_driver_HL.o
 .text.LSM303AGR_M_Set_FS
                0x000000000800a780       0x1a Drivers/BSP/Components/LSM303AGR_MAG_driver_HL.o
 .text.LSM303AGR_M_Set_FS_Value
                0x000000000800a79a       0x1a Drivers/BSP/Components/LSM303AGR_MAG_driver_HL.o
 .text.LSM303AGR_M_Read_Reg
                0x000000000800a7b4       0x2e Drivers/BSP/Components/LSM303AGR_MAG_driver_HL.o
 .text.LSM303AGR_M_Write_Reg
                0x000000000800a7e2       0x30 Drivers/BSP/Components/LSM303AGR_MAG_driver_HL.o
 .text.LSM303AGR_M_Get_DRDY_Status
                0x000000000800a812       0x48 Drivers/BSP/Components/LSM303AGR_MAG_driver_HL.o
 .text.LSM303AGR_M_Get_Axes_Raw
                0x000000000800a85a       0x5c Drivers/BSP/Components/LSM303AGR_MAG_driver_HL.o
 .text.LSM6DSM_ACC_GYRO_ReadReg
                0x000000000800a8b6       0x2e Drivers/BSP/Components/LSM6DSM_ACC_GYRO_driver.o
                0x000000000800a8b6                LSM6DSM_ACC_GYRO_ReadReg
 .text.LSM6DSM_ACC_GYRO_WriteReg
                0x000000000800a8e4       0x30 Drivers/BSP/Components/LSM6DSM_ACC_GYRO_driver.o
                0x000000000800a8e4                LSM6DSM_ACC_GYRO_WriteReg
 .text.LSM6DSM_ACC_GYRO_W_EmbeddedAccess
                0x000000000800a914       0x58 Drivers/BSP/Components/LSM6DSM_ACC_GYRO_driver.o
                0x000000000800a914                LSM6DSM_ACC_GYRO_W_EmbeddedAccess
 .text.LSM6DSM_ACC_GYRO_W_FIFO_MODE
                0x000000000800a96c       0x58 Drivers/BSP/Components/LSM6DSM_ACC_GYRO_driver.o
                0x000000000800a96c                LSM6DSM_ACC_GYRO_W_FIFO_MODE
 .text.LSM6DSM_ACC_GYRO_W_STEP_DELTA_on_INT2
                0x000000000800a9c4       0x58 Drivers/BSP/Components/LSM6DSM_ACC_GYRO_driver.o
                0x000000000800a9c4                LSM6DSM_ACC_GYRO_W_STEP_DELTA_on_INT2
 .text.LSM6DSM_ACC_GYRO_R_WHO_AM_I
                0x000000000800aa1c       0x38 Drivers/BSP/Components/LSM6DSM_ACC_GYRO_driver.o
                0x000000000800aa1c                LSM6DSM_ACC_GYRO_R_WHO_AM_I
 .text.LSM6DSM_ACC_GYRO_W_FS_XL
                0x000000000800aa54       0x58 Drivers/BSP/Components/LSM6DSM_ACC_GYRO_driver.o
                0x000000000800aa54                LSM6DSM_ACC_GYRO_W_FS_XL
 .text.LSM6DSM_ACC_GYRO_R_FS_XL
                0x000000000800aaac       0x36 Drivers/BSP/Components/LSM6DSM_ACC_GYRO_driver.o
                0x000000000800aaac                LSM6DSM_ACC_GYRO_R_FS_XL
 .text.LSM6DSM_ACC_GYRO_W_ODR_XL
                0x000000000800aae2       0x58 Drivers/BSP/Components/LSM6DSM_ACC_GYRO_driver.o
                0x000000000800aae2                LSM6DSM_ACC_GYRO_W_ODR_XL
 .text.LSM6DSM_ACC_GYRO_R_ODR_XL
                0x000000000800ab3a       0x36 Drivers/BSP/Components/LSM6DSM_ACC_GYRO_driver.o
                0x000000000800ab3a                LSM6DSM_ACC_GYRO_R_ODR_XL
 .text.LSM6DSM_ACC_GYRO_W_FS_125
                0x000000000800ab70       0x58 Drivers/BSP/Components/LSM6DSM_ACC_GYRO_driver.o
                0x000000000800ab70                LSM6DSM_ACC_GYRO_W_FS_125
 .text.LSM6DSM_ACC_GYRO_R_FS_125
                0x000000000800abc8       0x36 Drivers/BSP/Components/LSM6DSM_ACC_GYRO_driver.o
                0x000000000800abc8                LSM6DSM_ACC_GYRO_R_FS_125
 .text.LSM6DSM_ACC_GYRO_W_FS_G
                0x000000000800abfe       0x58 Drivers/BSP/Components/LSM6DSM_ACC_GYRO_driver.o
                0x000000000800abfe                LSM6DSM_ACC_GYRO_W_FS_G
 .text.LSM6DSM_ACC_GYRO_R_FS_G
                0x000000000800ac56       0x36 Drivers/BSP/Components/LSM6DSM_ACC_GYRO_driver.o
                0x000000000800ac56                LSM6DSM_ACC_GYRO_R_FS_G
 .text.LSM6DSM_ACC_GYRO_W_ODR_G
                0x000000000800ac8c       0x58 Drivers/BSP/Components/LSM6DSM_ACC_GYRO_driver.o
                0x000000000800ac8c                LSM6DSM_ACC_GYRO_W_ODR_G
 .text.LSM6DSM_ACC_GYRO_R_ODR_G
                0x000000000800ace4       0x36 Drivers/BSP/Components/LSM6DSM_ACC_GYRO_driver.o
                0x000000000800ace4                LSM6DSM_ACC_GYRO_R_ODR_G
 .text.LSM6DSM_ACC_GYRO_W_IF_Addr_Incr
                0x000000000800ad1a       0x58 Drivers/BSP/Components/LSM6DSM_ACC_GYRO_driver.o
                0x000000000800ad1a                LSM6DSM_ACC_GYRO_W_IF_Addr_Incr
 .text.LSM6DSM_ACC_GYRO_W_BDU
                0x000000000800ad72       0x58 Drivers/BSP/Components/LSM6DSM_ACC_GYRO_driver.o
                0x000000000800ad72                LSM6DSM_ACC_GYRO_W_BDU
 .text.LSM6DSM_ACC_GYRO_W_I2C_DISABLE
                0x000000000800adca       0x58 Drivers/BSP/Components/LSM6DSM_ACC_GYRO_driver.o
                0x000000000800adca                LSM6DSM_ACC_GYRO_W_I2C_DISABLE
 .text.LSM6DSM_ACC_GYRO_W_PedoStepReset
                0x000000000800ae22       0x58 Drivers/BSP/Components/LSM6DSM_ACC_GYRO_driver.o
                0x000000000800ae22                LSM6DSM_ACC_GYRO_W_PedoStepReset
 .text.LSM6DSM_ACC_GYRO_W_TILT
                0x000000000800ae7a       0x58 Drivers/BSP/Components/LSM6DSM_ACC_GYRO_driver.o
                0x000000000800ae7a                LSM6DSM_ACC_GYRO_W_TILT
 .text.LSM6DSM_ACC_GYRO_W_PEDO
                0x000000000800aed2       0x58 Drivers/BSP/Components/LSM6DSM_ACC_GYRO_driver.o
                0x000000000800aed2                LSM6DSM_ACC_GYRO_W_PEDO
 .text.LSM6DSM_ACC_GYRO_W_FUNC_EN
                0x000000000800af2a       0x58 Drivers/BSP/Components/LSM6DSM_ACC_GYRO_driver.o
                0x000000000800af2a                LSM6DSM_ACC_GYRO_W_FUNC_EN
 .text.LSM6DSM_ACC_GYRO_R_WU_EV_STATUS
                0x000000000800af82       0x36 Drivers/BSP/Components/LSM6DSM_ACC_GYRO_driver.o
                0x000000000800af82                LSM6DSM_ACC_GYRO_R_WU_EV_STATUS
 .text.LSM6DSM_ACC_GYRO_R_FF_EV_STATUS
                0x000000000800afb8       0x36 Drivers/BSP/Components/LSM6DSM_ACC_GYRO_driver.o
                0x000000000800afb8                LSM6DSM_ACC_GYRO_R_FF_EV_STATUS
 .text.LSM6DSM_ACC_GYRO_R_DOUBLE_TAP_EV_STATUS
                0x000000000800afee       0x36 Drivers/BSP/Components/LSM6DSM_ACC_GYRO_driver.o
                0x000000000800afee                LSM6DSM_ACC_GYRO_R_DOUBLE_TAP_EV_STATUS
 .text.LSM6DSM_ACC_GYRO_R_SINGLE_TAP_EV_STATUS
                0x000000000800b024       0x36 Drivers/BSP/Components/LSM6DSM_ACC_GYRO_driver.o
                0x000000000800b024                LSM6DSM_ACC_GYRO_R_SINGLE_TAP_EV_STATUS
 .text.LSM6DSM_ACC_GYRO_R_DSD_XL
                0x000000000800b05a       0x36 Drivers/BSP/Components/LSM6DSM_ACC_GYRO_driver.o
                0x000000000800b05a                LSM6DSM_ACC_GYRO_R_DSD_XL
 .text.LSM6DSM_ACC_GYRO_R_DSD_XH
                0x000000000800b090       0x36 Drivers/BSP/Components/LSM6DSM_ACC_GYRO_driver.o
                0x000000000800b090                LSM6DSM_ACC_GYRO_R_DSD_XH
 .text.LSM6DSM_ACC_GYRO_R_DSD_YL
                0x000000000800b0c6       0x36 Drivers/BSP/Components/LSM6DSM_ACC_GYRO_driver.o
                0x000000000800b0c6                LSM6DSM_ACC_GYRO_R_DSD_YL
 .text.LSM6DSM_ACC_GYRO_R_DSD_YH
                0x000000000800b0fc       0x36 Drivers/BSP/Components/LSM6DSM_ACC_GYRO_driver.o
                0x000000000800b0fc                LSM6DSM_ACC_GYRO_R_DSD_YH
 .text.LSM6DSM_ACC_GYRO_R_DSD_ZL
                0x000000000800b132       0x36 Drivers/BSP/Components/LSM6DSM_ACC_GYRO_driver.o
                0x000000000800b132                LSM6DSM_ACC_GYRO_R_DSD_ZL
 .text.LSM6DSM_ACC_GYRO_R_DSD_ZH
                0x000000000800b168       0x36 Drivers/BSP/Components/LSM6DSM_ACC_GYRO_driver.o
                0x000000000800b168                LSM6DSM_ACC_GYRO_R_DSD_ZH
 .text.LSM6DSM_ACC_GYRO_R_D6D_EV_STATUS
                0x000000000800b19e       0x36 Drivers/BSP/Components/LSM6DSM_ACC_GYRO_driver.o
                0x000000000800b19e                LSM6DSM_ACC_GYRO_R_D6D_EV_STATUS
 .text.LSM6DSM_ACC_GYRO_R_XLDA
                0x000000000800b1d4       0x36 Drivers/BSP/Components/LSM6DSM_ACC_GYRO_driver.o
                0x000000000800b1d4                LSM6DSM_ACC_GYRO_R_XLDA
 .text.LSM6DSM_ACC_GYRO_R_GDA
                0x000000000800b20a       0x36 Drivers/BSP/Components/LSM6DSM_ACC_GYRO_driver.o
                0x000000000800b20a                LSM6DSM_ACC_GYRO_R_GDA
 .text.LSM6DSM_ACC_GYRO_R_PEDO_EV_STATUS
                0x000000000800b240       0x36 Drivers/BSP/Components/LSM6DSM_ACC_GYRO_driver.o
                0x000000000800b240                LSM6DSM_ACC_GYRO_R_PEDO_EV_STATUS
 .text.LSM6DSM_ACC_GYRO_R_TILT_EV_STATUS
                0x000000000800b276       0x36 Drivers/BSP/Components/LSM6DSM_ACC_GYRO_driver.o
                0x000000000800b276                LSM6DSM_ACC_GYRO_R_TILT_EV_STATUS
 .text.LSM6DSM_ACC_GYRO_W_TAP_Z_EN
                0x000000000800b2ac       0x58 Drivers/BSP/Components/LSM6DSM_ACC_GYRO_driver.o
                0x000000000800b2ac                LSM6DSM_ACC_GYRO_W_TAP_Z_EN
 .text.LSM6DSM_ACC_GYRO_W_TAP_Y_EN
                0x000000000800b304       0x58 Drivers/BSP/Components/LSM6DSM_ACC_GYRO_driver.o
                0x000000000800b304                LSM6DSM_ACC_GYRO_W_TAP_Y_EN
 .text.LSM6DSM_ACC_GYRO_W_TAP_X_EN
                0x000000000800b35c       0x58 Drivers/BSP/Components/LSM6DSM_ACC_GYRO_driver.o
                0x000000000800b35c                LSM6DSM_ACC_GYRO_W_TAP_X_EN
 .text.LSM6DSM_ACC_GYRO_W_BASIC_INT
                0x000000000800b3b4       0x58 Drivers/BSP/Components/LSM6DSM_ACC_GYRO_driver.o
                0x000000000800b3b4                LSM6DSM_ACC_GYRO_W_BASIC_INT
 .text.LSM6DSM_ACC_GYRO_W_TAP_THS
                0x000000000800b40c       0x60 Drivers/BSP/Components/LSM6DSM_ACC_GYRO_driver.o
                0x000000000800b40c                LSM6DSM_ACC_GYRO_W_TAP_THS
 .text.LSM6DSM_ACC_GYRO_W_SIXD_THS
                0x000000000800b46c       0x58 Drivers/BSP/Components/LSM6DSM_ACC_GYRO_driver.o
                0x000000000800b46c                LSM6DSM_ACC_GYRO_W_SIXD_THS
 .text.LSM6DSM_ACC_GYRO_W_SHOCK_Duration
                0x000000000800b4c4       0x60 Drivers/BSP/Components/LSM6DSM_ACC_GYRO_driver.o
                0x000000000800b4c4                LSM6DSM_ACC_GYRO_W_SHOCK_Duration
 .text.LSM6DSM_ACC_GYRO_W_QUIET_Duration
                0x000000000800b524       0x66 Drivers/BSP/Components/LSM6DSM_ACC_GYRO_driver.o
                0x000000000800b524                LSM6DSM_ACC_GYRO_W_QUIET_Duration
 .text.LSM6DSM_ACC_GYRO_W_DUR
                0x000000000800b58a       0x66 Drivers/BSP/Components/LSM6DSM_ACC_GYRO_driver.o
                0x000000000800b58a                LSM6DSM_ACC_GYRO_W_DUR
 .text.LSM6DSM_ACC_GYRO_W_WK_THS
                0x000000000800b5f0       0x60 Drivers/BSP/Components/LSM6DSM_ACC_GYRO_driver.o
                0x000000000800b5f0                LSM6DSM_ACC_GYRO_W_WK_THS
 .text.LSM6DSM_ACC_GYRO_W_SINGLE_DOUBLE_TAP_EV
                0x000000000800b650       0x58 Drivers/BSP/Components/LSM6DSM_ACC_GYRO_driver.o
                0x000000000800b650                LSM6DSM_ACC_GYRO_W_SINGLE_DOUBLE_TAP_EV
 .text.LSM6DSM_ACC_GYRO_W_SLEEP_DUR
                0x000000000800b6a8       0x60 Drivers/BSP/Components/LSM6DSM_ACC_GYRO_driver.o
                0x000000000800b6a8                LSM6DSM_ACC_GYRO_W_SLEEP_DUR
 .text.LSM6DSM_ACC_GYRO_W_TIMER_HR
                0x000000000800b708       0x58 Drivers/BSP/Components/LSM6DSM_ACC_GYRO_driver.o
                0x000000000800b708                LSM6DSM_ACC_GYRO_W_TIMER_HR
 .text.LSM6DSM_ACC_GYRO_W_WAKE_DUR
                0x000000000800b760       0x66 Drivers/BSP/Components/LSM6DSM_ACC_GYRO_driver.o
                0x000000000800b760                LSM6DSM_ACC_GYRO_W_WAKE_DUR
 .text.LSM6DSM_ACC_GYRO_W_FF_THS
                0x000000000800b7c6       0x58 Drivers/BSP/Components/LSM6DSM_ACC_GYRO_driver.o
                0x000000000800b7c6                LSM6DSM_ACC_GYRO_W_FF_THS
 .text.LSM6DSM_ACC_GYRO_W_FF_Duration
                0x000000000800b81e       0xca Drivers/BSP/Components/LSM6DSM_ACC_GYRO_driver.o
                0x000000000800b81e                LSM6DSM_ACC_GYRO_W_FF_Duration
 .text.LSM6DSM_ACC_GYRO_W_TiltEvOnInt2
                0x000000000800b8e8       0x58 Drivers/BSP/Components/LSM6DSM_ACC_GYRO_driver.o
                0x000000000800b8e8                LSM6DSM_ACC_GYRO_W_TiltEvOnInt2
 .text.LSM6DSM_ACC_GYRO_W_6DEvOnInt2
                0x000000000800b940       0x58 Drivers/BSP/Components/LSM6DSM_ACC_GYRO_driver.o
                0x000000000800b940                LSM6DSM_ACC_GYRO_W_6DEvOnInt2
 .text.LSM6DSM_ACC_GYRO_W_TapEvOnInt2
                0x000000000800b998       0x58 Drivers/BSP/Components/LSM6DSM_ACC_GYRO_driver.o
                0x000000000800b998                LSM6DSM_ACC_GYRO_W_TapEvOnInt2
 .text.LSM6DSM_ACC_GYRO_W_FFEvOnInt2
                0x000000000800b9f0       0x58 Drivers/BSP/Components/LSM6DSM_ACC_GYRO_driver.o
                0x000000000800b9f0                LSM6DSM_ACC_GYRO_W_FFEvOnInt2
 .text.LSM6DSM_ACC_GYRO_W_WUEvOnInt2
                0x000000000800ba48       0x58 Drivers/BSP/Components/LSM6DSM_ACC_GYRO_driver.o
                0x000000000800ba48                LSM6DSM_ACC_GYRO_W_WUEvOnInt2
 .text.LSM6DSM_ACC_GYRO_W_SingleTapOnInt2
                0x000000000800baa0       0x58 Drivers/BSP/Components/LSM6DSM_ACC_GYRO_driver.o
                0x000000000800baa0                LSM6DSM_ACC_GYRO_W_SingleTapOnInt2
 .text.LSM6DSM_ACC_GYRO_GetRawGyroData
                0x000000000800baf8       0x66 Drivers/BSP/Components/LSM6DSM_ACC_GYRO_driver.o
                0x000000000800baf8                LSM6DSM_ACC_GYRO_GetRawGyroData
 .text.LSM6DSM_ACC_GYRO_GetRawAccData
                0x000000000800bb5e       0x66 Drivers/BSP/Components/LSM6DSM_ACC_GYRO_driver.o
                0x000000000800bb5e                LSM6DSM_ACC_GYRO_GetRawAccData
 .text.LSM6DSM_ACC_GYRO_Get_GetStepCounter
                0x000000000800bbc4       0x66 Drivers/BSP/Components/LSM6DSM_ACC_GYRO_driver.o
                0x000000000800bbc4                LSM6DSM_ACC_GYRO_Get_GetStepCounter
 .text.LSM6DSM_ACC_GYRO_W_PedoThreshold
                0x000000000800bc2a       0x88 Drivers/BSP/Components/LSM6DSM_ACC_GYRO_driver.o
                0x000000000800bc2a                LSM6DSM_ACC_GYRO_W_PedoThreshold
 *fill*         0x000000000800bcb2        0x2 
 .text.LSM6DSM_X_Init
                0x000000000800bcb4       0xa4 Drivers/BSP/Components/LSM6DSM_ACC_GYRO_driver_HL.o
 .text.LSM6DSM_X_DeInit
                0x000000000800bd58       0xc8 Drivers/BSP/Components/LSM6DSM_ACC_GYRO_driver_HL.o
 .text.LSM6DSM_X_Sensor_Enable
                0x000000000800be20       0x4a Drivers/BSP/Components/LSM6DSM_ACC_GYRO_driver_HL.o
 .text.LSM6DSM_X_Sensor_Disable
                0x000000000800be6a       0x58 Drivers/BSP/Components/LSM6DSM_ACC_GYRO_driver_HL.o
 .text.LSM6DSM_X_Get_WhoAmI
                0x000000000800bec2       0x1c Drivers/BSP/Components/LSM6DSM_ACC_GYRO_driver_HL.o
 .text.LSM6DSM_X_Check_WhoAmI
                0x000000000800bede       0x18 Drivers/BSP/Components/LSM6DSM_ACC_GYRO_driver_HL.o
 .text.LSM6DSM_X_Get_Axes
                0x000000000800bef6       0xa6 Drivers/BSP/Components/LSM6DSM_ACC_GYRO_driver_HL.o
 .text.LSM6DSM_X_Get_AxesRaw
                0x000000000800bf9c       0x42 Drivers/BSP/Components/LSM6DSM_ACC_GYRO_driver_HL.o
 *fill*         0x000000000800bfde        0x2 
 .text.LSM6DSM_X_Get_Sensitivity
                0x000000000800bfe0       0xa8 Drivers/BSP/Components/LSM6DSM_ACC_GYRO_driver_HL.o
 .text.LSM6DSM_X_Get_ODR
                0x000000000800c088       0xfc Drivers/BSP/Components/LSM6DSM_ACC_GYRO_driver_HL.o
 .text.LSM6DSM_X_Set_ODR
                0x000000000800c184       0x46 Drivers/BSP/Components/LSM6DSM_ACC_GYRO_driver_HL.o
 .text.LSM6DSM_X_Set_ODR_Value
                0x000000000800c1ca       0x46 Drivers/BSP/Components/LSM6DSM_ACC_GYRO_driver_HL.o
 .text.LSM6DSM_X_Get_FS
                0x000000000800c210       0xa0 Drivers/BSP/Components/LSM6DSM_ACC_GYRO_driver_HL.o
 .text.LSM6DSM_X_Set_FS
                0x000000000800c2b0       0x4e Drivers/BSP/Components/LSM6DSM_ACC_GYRO_driver_HL.o
 .text.LSM6DSM_X_Set_FS_Value
                0x000000000800c2fe       0x70 Drivers/BSP/Components/LSM6DSM_ACC_GYRO_driver_HL.o
 *fill*         0x000000000800c36e        0x2 
 .text.LSM6DSM_G_Init
                0x000000000800c370       0xa4 Drivers/BSP/Components/LSM6DSM_ACC_GYRO_driver_HL.o
 .text.LSM6DSM_G_DeInit
                0x000000000800c414       0x58 Drivers/BSP/Components/LSM6DSM_ACC_GYRO_driver_HL.o
 .text.LSM6DSM_G_Sensor_Enable
                0x000000000800c46c       0x4a Drivers/BSP/Components/LSM6DSM_ACC_GYRO_driver_HL.o
 .text.LSM6DSM_G_Sensor_Disable
                0x000000000800c4b6       0x58 Drivers/BSP/Components/LSM6DSM_ACC_GYRO_driver_HL.o
 .text.LSM6DSM_G_Get_WhoAmI
                0x000000000800c50e       0x1c Drivers/BSP/Components/LSM6DSM_ACC_GYRO_driver_HL.o
 .text.LSM6DSM_G_Check_WhoAmI
                0x000000000800c52a       0x18 Drivers/BSP/Components/LSM6DSM_ACC_GYRO_driver_HL.o
 .text.LSM6DSM_G_Get_Axes
                0x000000000800c542       0xa6 Drivers/BSP/Components/LSM6DSM_ACC_GYRO_driver_HL.o
 .text.LSM6DSM_G_Get_AxesRaw
                0x000000000800c5e8       0x42 Drivers/BSP/Components/LSM6DSM_ACC_GYRO_driver_HL.o
 *fill*         0x000000000800c62a        0x2 
 .text.LSM6DSM_G_Get_Sensitivity
                0x000000000800c62c       0xd0 Drivers/BSP/Components/LSM6DSM_ACC_GYRO_driver_HL.o
 .text.LSM6DSM_G_Get_ODR
                0x000000000800c6fc       0xfc Drivers/BSP/Components/LSM6DSM_ACC_GYRO_driver_HL.o
 .text.LSM6DSM_G_Set_ODR
                0x000000000800c7f8       0x46 Drivers/BSP/Components/LSM6DSM_ACC_GYRO_driver_HL.o
 .text.LSM6DSM_G_Set_ODR_Value
                0x000000000800c83e       0x46 Drivers/BSP/Components/LSM6DSM_ACC_GYRO_driver_HL.o
 .text.LSM6DSM_G_Get_FS
                0x000000000800c884       0xd0 Drivers/BSP/Components/LSM6DSM_ACC_GYRO_driver_HL.o
 .text.LSM6DSM_G_Set_FS
                0x000000000800c954       0x4e Drivers/BSP/Components/LSM6DSM_ACC_GYRO_driver_HL.o
 *fill*         0x000000000800c9a2        0x2 
 .text.LSM6DSM_G_Set_FS_Value
                0x000000000800c9a4       0xb8 Drivers/BSP/Components/LSM6DSM_ACC_GYRO_driver_HL.o
 .text.LSM6DSM_Get_WhoAmI
                0x000000000800ca5c       0x26 Drivers/BSP/Components/LSM6DSM_ACC_GYRO_driver_HL.o
 .text.LSM6DSM_Check_WhoAmI
                0x000000000800ca82       0x3a Drivers/BSP/Components/LSM6DSM_ACC_GYRO_driver_HL.o
 .text.LSM6DSM_X_Get_Axes_Raw
                0x000000000800cabc       0x7a Drivers/BSP/Components/LSM6DSM_ACC_GYRO_driver_HL.o
 *fill*         0x000000000800cb36        0x2 
 .text.LSM6DSM_X_Set_ODR_When_Enabled
                0x000000000800cb38       0x6c Drivers/BSP/Components/LSM6DSM_ACC_GYRO_driver_HL.o
 .text.LSM6DSM_X_Set_ODR_When_Disabled
                0x000000000800cba4       0x84 Drivers/BSP/Components/LSM6DSM_ACC_GYRO_driver_HL.o
 .text.LSM6DSM_X_Set_ODR_Value_When_Enabled
                0x000000000800cc28      0x110 Drivers/BSP/Components/LSM6DSM_ACC_GYRO_driver_HL.o
 .text.LSM6DSM_X_Set_ODR_Value_When_Disabled
                0x000000000800cd38      0x138 Drivers/BSP/Components/LSM6DSM_ACC_GYRO_driver_HL.o
 .text.LSM6DSM_G_Get_Axes_Raw
                0x000000000800ce70       0x7a Drivers/BSP/Components/LSM6DSM_ACC_GYRO_driver_HL.o
 *fill*         0x000000000800ceea        0x2 
 .text.LSM6DSM_G_Set_ODR_When_Enabled
                0x000000000800ceec       0x6c Drivers/BSP/Components/LSM6DSM_ACC_GYRO_driver_HL.o
 .text.LSM6DSM_G_Set_ODR_When_Disabled
                0x000000000800cf58       0x84 Drivers/BSP/Components/LSM6DSM_ACC_GYRO_driver_HL.o
 .text.LSM6DSM_G_Set_ODR_Value_When_Enabled
                0x000000000800cfdc      0x110 Drivers/BSP/Components/LSM6DSM_ACC_GYRO_driver_HL.o
 .text.LSM6DSM_G_Set_ODR_Value_When_Disabled
                0x000000000800d0ec      0x138 Drivers/BSP/Components/LSM6DSM_ACC_GYRO_driver_HL.o
 .text.LSM6DSM_X_Enable_Free_Fall_Detection
                0x000000000800d224       0xbc Drivers/BSP/Components/LSM6DSM_ACC_GYRO_driver_HL.o
 .text.LSM6DSM_X_Disable_Free_Fall_Detection
                0x000000000800d2e0       0x5a Drivers/BSP/Components/LSM6DSM_ACC_GYRO_driver_HL.o
 .text.LSM6DSM_X_Get_Free_Fall_Detection_Status
                0x000000000800d33a       0x48 Drivers/BSP/Components/LSM6DSM_ACC_GYRO_driver_HL.o
 .text.LSM6DSM_X_Set_Free_Fall_Threshold
                0x000000000800d382       0x2a Drivers/BSP/Components/LSM6DSM_ACC_GYRO_driver_HL.o
 .text.LSM6DSM_X_Enable_Pedometer
                0x000000000800d3ac       0x80 Drivers/BSP/Components/LSM6DSM_ACC_GYRO_driver_HL.o
 .text.LSM6DSM_X_Disable_Pedometer
                0x000000000800d42c       0x5a Drivers/BSP/Components/LSM6DSM_ACC_GYRO_driver_HL.o
 .text.LSM6DSM_X_Get_Pedometer_Status
                0x000000000800d486       0x48 Drivers/BSP/Components/LSM6DSM_ACC_GYRO_driver_HL.o
 .text.LSM6DSM_X_Get_Step_Count
                0x000000000800d4ce       0x26 Drivers/BSP/Components/LSM6DSM_ACC_GYRO_driver_HL.o
 .text.LSM6DSM_X_Enable_Step_Counter_Reset
                0x000000000800d4f4       0x24 Drivers/BSP/Components/LSM6DSM_ACC_GYRO_driver_HL.o
 .text.LSM6DSM_X_Disable_Step_Counter_Reset
                0x000000000800d518       0x24 Drivers/BSP/Components/LSM6DSM_ACC_GYRO_driver_HL.o
 .text.LSM6DSM_X_Set_Pedometer_Threshold
                0x000000000800d53c       0x2a Drivers/BSP/Components/LSM6DSM_ACC_GYRO_driver_HL.o
 .text.LSM6DSM_X_Enable_Tilt_Detection
                0x000000000800d566       0x6e Drivers/BSP/Components/LSM6DSM_ACC_GYRO_driver_HL.o
 .text.LSM6DSM_X_Disable_Tilt_Detection
                0x000000000800d5d4       0x48 Drivers/BSP/Components/LSM6DSM_ACC_GYRO_driver_HL.o
 .text.LSM6DSM_X_Get_Tilt_Detection_Status
                0x000000000800d61c       0x48 Drivers/BSP/Components/LSM6DSM_ACC_GYRO_driver_HL.o
 .text.LSM6DSM_X_Enable_Wake_Up_Detection
                0x000000000800d664       0x84 Drivers/BSP/Components/LSM6DSM_ACC_GYRO_driver_HL.o
 .text.LSM6DSM_X_Disable_Wake_Up_Detection
                0x000000000800d6e8       0x5a Drivers/BSP/Components/LSM6DSM_ACC_GYRO_driver_HL.o
 .text.LSM6DSM_X_Get_Wake_Up_Detection_Status
                0x000000000800d742       0x48 Drivers/BSP/Components/LSM6DSM_ACC_GYRO_driver_HL.o
 .text.LSM6DSM_X_Set_Wake_Up_Threshold
                0x000000000800d78a       0x2a Drivers/BSP/Components/LSM6DSM_ACC_GYRO_driver_HL.o
 .text.LSM6DSM_X_Enable_Single_Tap_Detection
                0x000000000800d7b4       0xcc Drivers/BSP/Components/LSM6DSM_ACC_GYRO_driver_HL.o
 .text.LSM6DSM_X_Disable_Single_Tap_Detection
                0x000000000800d880       0xa2 Drivers/BSP/Components/LSM6DSM_ACC_GYRO_driver_HL.o
 .text.LSM6DSM_X_Get_Single_Tap_Detection_Status
                0x000000000800d922       0x48 Drivers/BSP/Components/LSM6DSM_ACC_GYRO_driver_HL.o
 *fill*         0x000000000800d96a        0x2 
 .text.LSM6DSM_X_Enable_Double_Tap_Detection
                0x000000000800d96c       0xf0 Drivers/BSP/Components/LSM6DSM_ACC_GYRO_driver_HL.o
 .text.LSM6DSM_X_Disable_Double_Tap_Detection
                0x000000000800da5c       0xc6 Drivers/BSP/Components/LSM6DSM_ACC_GYRO_driver_HL.o
 .text.LSM6DSM_X_Get_Double_Tap_Detection_Status
                0x000000000800db22       0x48 Drivers/BSP/Components/LSM6DSM_ACC_GYRO_driver_HL.o
 .text.LSM6DSM_X_Set_Tap_Threshold
                0x000000000800db6a       0x2a Drivers/BSP/Components/LSM6DSM_ACC_GYRO_driver_HL.o
 .text.LSM6DSM_X_Set_Tap_Shock_Time
                0x000000000800db94       0x2a Drivers/BSP/Components/LSM6DSM_ACC_GYRO_driver_HL.o
 .text.LSM6DSM_X_Set_Tap_Quiet_Time
                0x000000000800dbbe       0x2a Drivers/BSP/Components/LSM6DSM_ACC_GYRO_driver_HL.o
 .text.LSM6DSM_X_Set_Tap_Duration_Time
                0x000000000800dbe8       0x2a Drivers/BSP/Components/LSM6DSM_ACC_GYRO_driver_HL.o
 *fill*         0x000000000800dc12        0x2 
 .text.LSM6DSM_X_Enable_6D_Orientation
                0x000000000800dc14       0x74 Drivers/BSP/Components/LSM6DSM_ACC_GYRO_driver_HL.o
 .text.LSM6DSM_X_Disable_6D_Orientation
                0x000000000800dc88       0x48 Drivers/BSP/Components/LSM6DSM_ACC_GYRO_driver_HL.o
 .text.LSM6DSM_X_Get_6D_Orientation_Status
                0x000000000800dcd0       0x48 Drivers/BSP/Components/LSM6DSM_ACC_GYRO_driver_HL.o
 .text.LSM6DSM_X_Get_6D_Orientation_XL
                0x000000000800dd18       0x48 Drivers/BSP/Components/LSM6DSM_ACC_GYRO_driver_HL.o
 .text.LSM6DSM_X_Get_6D_Orientation_XH
                0x000000000800dd60       0x48 Drivers/BSP/Components/LSM6DSM_ACC_GYRO_driver_HL.o
 .text.LSM6DSM_X_Get_6D_Orientation_YL
                0x000000000800dda8       0x48 Drivers/BSP/Components/LSM6DSM_ACC_GYRO_driver_HL.o
 .text.LSM6DSM_X_Get_6D_Orientation_YH
                0x000000000800ddf0       0x48 Drivers/BSP/Components/LSM6DSM_ACC_GYRO_driver_HL.o
 .text.LSM6DSM_X_Get_6D_Orientation_ZL
                0x000000000800de38       0x48 Drivers/BSP/Components/LSM6DSM_ACC_GYRO_driver_HL.o
 .text.LSM6DSM_X_Get_6D_Orientation_ZH
                0x000000000800de80       0x48 Drivers/BSP/Components/LSM6DSM_ACC_GYRO_driver_HL.o
 .text.LSM6DSM_X_Read_Reg
                0x000000000800dec8       0x2e Drivers/BSP/Components/LSM6DSM_ACC_GYRO_driver_HL.o
 .text.LSM6DSM_X_Write_Reg
                0x000000000800def6       0x30 Drivers/BSP/Components/LSM6DSM_ACC_GYRO_driver_HL.o
 .text.LSM6DSM_X_Get_DRDY_Status
                0x000000000800df26       0x48 Drivers/BSP/Components/LSM6DSM_ACC_GYRO_driver_HL.o
 .text.LSM6DSM_G_Read_Reg
                0x000000000800df6e       0x2e Drivers/BSP/Components/LSM6DSM_ACC_GYRO_driver_HL.o
 .text.LSM6DSM_G_Write_Reg
                0x000000000800df9c       0x30 Drivers/BSP/Components/LSM6DSM_ACC_GYRO_driver_HL.o
 .text.LSM6DSM_G_Get_DRDY_Status
                0x000000000800dfcc       0x48 Drivers/BSP/Components/LSM6DSM_ACC_GYRO_driver_HL.o
 .text.STC3115_Init
                0x000000000800e014      0x254 Drivers/BSP/Components/STC3115_Driver.o
 .text.STC3115_DeInit
                0x000000000800e268       0x1c Drivers/BSP/Components/STC3115_Driver.o
 .text.STC3115_Get_WhoAmI
                0x000000000800e284       0x2a Drivers/BSP/Components/STC3115_Driver.o
 *fill*         0x000000000800e2ae        0x2 
 .text.STC3115_Task
                0x000000000800e2b0      0x2a8 Drivers/BSP/Components/STC3115_Driver.o
 .text.STC3115_Reset
                0x000000000800e558       0x52 Drivers/BSP/Components/STC3115_Driver.o
 .text.STC3115_Stop
                0x000000000800e5aa       0x4e Drivers/BSP/Components/STC3115_Driver.o
 .text.STC3115_GetSOC
                0x000000000800e5f8       0x38 Drivers/BSP/Components/STC3115_Driver.o
 .text.STC3115_GetOCV
                0x000000000800e630       0x26 Drivers/BSP/Components/STC3115_Driver.o
 .text.STC3115_GetCurrent
                0x000000000800e656       0x24 Drivers/BSP/Components/STC3115_Driver.o
 .text.STC3115_GetTemperature
                0x000000000800e67a       0x24 Drivers/BSP/Components/STC3115_Driver.o
 .text.STC3115_GetVoltage
                0x000000000800e69e       0x26 Drivers/BSP/Components/STC3115_Driver.o
 .text.STC3115_GetChargeValue
                0x000000000800e6c4       0x26 Drivers/BSP/Components/STC3115_Driver.o
 .text.STC3115_GetPresence
                0x000000000800e6ea       0x26 Drivers/BSP/Components/STC3115_Driver.o
 .text.STC3115_GetAlarmStatus
                0x000000000800e710       0x2a Drivers/BSP/Components/STC3115_Driver.o
 .text.STC3115_Status
                0x000000000800e73a       0x52 Drivers/BSP/Components/STC3115_Driver.o
 .text.STC3115_CalcRamCRC8
                0x000000000800e78c       0x6c Drivers/BSP/Components/STC3115_Driver.o
 .text.STC3115_UpdateRamCRC
                0x000000000800e7f8       0x30 Drivers/BSP/Components/STC3115_Driver.o
 .text.STC3115_InitRamData
                0x000000000800e828       0x5a Drivers/BSP/Components/STC3115_Driver.o
 .text.STC3115_WriteRamData
                0x000000000800e882       0x2c Drivers/BSP/Components/STC3115_Driver.o
 .text.STC3115_ReadRamData
                0x000000000800e8ae       0x2c Drivers/BSP/Components/STC3115_Driver.o
 .text.STC3115_ReadBatteryData
                0x000000000800e8da      0x156 Drivers/BSP/Components/STC3115_Driver.o
 .text.STC3115_Restore
                0x000000000800ea30       0x60 Drivers/BSP/Components/STC3115_Driver.o
 .text.STC3115_Powerdown
                0x000000000800ea90       0x42 Drivers/BSP/Components/STC3115_Driver.o
 .text.STC3115_conv
                0x000000000800ead2       0x38 Drivers/BSP/Components/STC3115_Driver.o
 .text.STC3115_Startup
                0x000000000800eb0a       0x48 Drivers/BSP/Components/STC3115_Driver.o
 .text.STC3115_Read
                0x000000000800eb52       0x36 Drivers/BSP/Components/STC3115_Driver.o
 .text.STC3115_Write
                0x000000000800eb88       0x36 Drivers/BSP/Components/STC3115_Driver.o
 .text.STC3115_ReadWord
                0x000000000800ebbe       0x3a Drivers/BSP/Components/STC3115_Driver.o
 .text.STC3115_WriteWord
                0x000000000800ebf8       0x38 Drivers/BSP/Components/STC3115_Driver.o
 .text.STC3115_SetParam
                0x000000000800ec30      0x128 Drivers/BSP/Components/STC3115_Driver.o
 .text.BSP_LED_Init
                0x000000000800ed58       0xa0 Drivers/BSP/SensorTile/SensorTile.o
                0x000000000800ed58                BSP_LED_Init
 .text.BSP_LED_On
                0x000000000800edf8       0x5c Drivers/BSP/SensorTile/SensorTile.o
                0x000000000800edf8                BSP_LED_On
 .text.BSP_LED_Off
                0x000000000800ee54       0x5c Drivers/BSP/SensorTile/SensorTile.o
                0x000000000800ee54                BSP_LED_Off
 .text.Sensor_IO_I2C_Init
                0x000000000800eeb0       0x18 Drivers/BSP/SensorTile/SensorTile.o
                0x000000000800eeb0                Sensor_IO_I2C_Init
 .text.Sensor_IO_SPI_Init
                0x000000000800eec8      0x118 Drivers/BSP/SensorTile/SensorTile.o
                0x000000000800eec8                Sensor_IO_SPI_Init
 .text.Sensor_IO_SPI_CS_Init_All
                0x000000000800efe0      0x124 Drivers/BSP/SensorTile/SensorTile.o
                0x000000000800efe0                Sensor_IO_SPI_CS_Init_All
 .text.Sensor_IO_SPI_CS_Init
                0x000000000800f104      0x12c Drivers/BSP/SensorTile/SensorTile.o
                0x000000000800f104                Sensor_IO_SPI_CS_Init
 .text.Sensor_IO_Write
                0x000000000800f230       0x84 Drivers/BSP/SensorTile/SensorTile.o
                0x000000000800f230                Sensor_IO_Write
 .text.Sensor_IO_I2C_Write
                0x000000000800f2b4       0x30 Drivers/BSP/SensorTile/SensorTile.o
                0x000000000800f2b4                Sensor_IO_I2C_Write
 .text.Sensor_IO_Read
                0x000000000800f2e4       0x84 Drivers/BSP/SensorTile/SensorTile.o
                0x000000000800f2e4                Sensor_IO_Read
 .text.Sensor_IO_I2C_Read
                0x000000000800f368       0x30 Drivers/BSP/SensorTile/SensorTile.o
                0x000000000800f368                Sensor_IO_I2C_Read
 .text.Sensor_IO_SPI_Write
                0x000000000800f398       0x60 Drivers/BSP/SensorTile/SensorTile.o
                0x000000000800f398                Sensor_IO_SPI_Write
 .text.Sensor_IO_SPI_Read
                0x000000000800f3f8       0x9c Drivers/BSP/SensorTile/SensorTile.o
                0x000000000800f3f8                Sensor_IO_SPI_Read
 .text.Sensor_IO_SPI_CS_Enable
                0x000000000800f494       0x74 Drivers/BSP/SensorTile/SensorTile.o
                0x000000000800f494                Sensor_IO_SPI_CS_Enable
 .text.Sensor_IO_SPI_CS_Disable
                0x000000000800f508       0x74 Drivers/BSP/SensorTile/SensorTile.o
                0x000000000800f508                Sensor_IO_SPI_CS_Disable
 .text.LSM6DSM_Sensor_IO_ITConfig
                0x000000000800f57c       0x5c Drivers/BSP/SensorTile/SensorTile.o
                0x000000000800f57c                LSM6DSM_Sensor_IO_ITConfig
 .text.SPI_Read
                0x000000000800f5d8       0x70 Drivers/BSP/SensorTile/SensorTile.o
                0x000000000800f5d8                SPI_Read
 .text.SPI_Read_nBytes
                0x000000000800f648       0xa4 Drivers/BSP/SensorTile/SensorTile.o
                0x000000000800f648                SPI_Read_nBytes
 .text.SPI_Write
                0x000000000800f6ec       0x52 Drivers/BSP/SensorTile/SensorTile.o
                0x000000000800f6ec                SPI_Write
 *fill*         0x000000000800f73e        0x2 
 .text.I2C_SENSORTILE_Init
                0x000000000800f740       0x54 Drivers/BSP/SensorTile/SensorTile.o
 .text.I2C_SENSORTILE_WriteData
                0x000000000800f794       0x60 Drivers/BSP/SensorTile/SensorTile.o
 .text.I2C_SENSORTILE_ReadData
                0x000000000800f7f4       0x60 Drivers/BSP/SensorTile/SensorTile.o
 .text.I2C_SENSORTILE_Error
                0x000000000800f854       0x20 Drivers/BSP/SensorTile/SensorTile.o
 .text.I2C_SENSORTILE_MspInit
                0x000000000800f874       0xc0 Drivers/BSP/SensorTile/SensorTile.o
 .text.SD_IO_SPI_MspInit
                0x000000000800f934       0xc0 Drivers/BSP/SensorTile/SensorTile.o
 .text.SD_IO_SPI_Init_LS
                0x000000000800f9f4       0x78 Drivers/BSP/SensorTile/SensorTile.o
 .text.SD_IO_SPI_Init
                0x000000000800fa6c       0x78 Drivers/BSP/SensorTile/SensorTile.o
 .text.SD_IO_SPI_Read
                0x000000000800fae4       0x48 Drivers/BSP/SensorTile/SensorTile.o
 .text.SD_IO_SPI_Write
                0x000000000800fb2c       0x3c Drivers/BSP/SensorTile/SensorTile.o
 .text.SD_IO_SPI_Error
                0x000000000800fb68       0x18 Drivers/BSP/SensorTile/SensorTile.o
 .text.SD_IO_Init
                0x000000000800fb80       0x40 Drivers/BSP/SensorTile/SensorTile.o
                0x000000000800fb80                SD_IO_Init
 .text.SD_IO_Init_LS
                0x000000000800fbc0       0x40 Drivers/BSP/SensorTile/SensorTile.o
                0x000000000800fbc0                SD_IO_Init_LS
 .text.SD_IO_CS_Init
                0x000000000800fc00       0x4c Drivers/BSP/SensorTile/SensorTile.o
                0x000000000800fc00                SD_IO_CS_Init
 .text.SD_IO_WriteByte
                0x000000000800fc4c       0x1a Drivers/BSP/SensorTile/SensorTile.o
                0x000000000800fc4c                SD_IO_WriteByte
 .text.SD_IO_ReadByte
                0x000000000800fc66       0x1c Drivers/BSP/SensorTile/SensorTile.o
                0x000000000800fc66                SD_IO_ReadByte
 *fill*         0x000000000800fc82        0x2 
 .text.SD_IO_WriteCmd_wResp
                0x000000000800fc84       0xa0 Drivers/BSP/SensorTile/SensorTile.o
                0x000000000800fc84                SD_IO_WriteCmd_wResp
 .text.SD_IO_WriteCmd
                0x000000000800fd24       0x98 Drivers/BSP/SensorTile/SensorTile.o
                0x000000000800fd24                SD_IO_WriteCmd
 .text.SD_IO_WaitResponse
                0x000000000800fdbc       0x3e Drivers/BSP/SensorTile/SensorTile.o
                0x000000000800fdbc                SD_IO_WaitResponse
 *fill*         0x000000000800fdfa        0x2 
 .text.SD_IO_WriteDummy
                0x000000000800fdfc       0x20 Drivers/BSP/SensorTile/SensorTile.o
                0x000000000800fdfc                SD_IO_WriteDummy
 .text.BSP_ACCELERO_Init
                0x000000000800fe1c       0x6e Drivers/BSP/SensorTile/SensorTile_accelero.o
                0x000000000800fe1c                BSP_ACCELERO_Init
 *fill*         0x000000000800fe8a        0x2 
 .text.BSP_LSM6DSM_ACCELERO_Init
                0x000000000800fe8c      0x140 Drivers/BSP/SensorTile/SensorTile_accelero.o
 .text.BSP_LSM303AGR_ACCELERO_Init
                0x000000000800ffcc      0x128 Drivers/BSP/SensorTile/SensorTile_accelero.o
 .text.BSP_ACCELERO_Sensor_Enable